[INFO] Scanning for projects...
[INFO] 
[INFO] ----------------------< com.enviro:enviro-brain >-----------------------
[INFO] Building enviro-brain 1.0.0-SNAPSHOT
[INFO]   from pom.xml
[INFO] --------------------------------[ jar ]---------------------------------
[INFO] 
[INFO] --- clean:3.3.2:clean (default-clean) @ enviro-brain ---
[INFO] Deleting D:\gkproject\camera-inspection3.0\enviro-brain\target
[INFO] 
[INFO] --- resources:3.3.1:resources (default-resources) @ enviro-brain ---
[INFO] Copying 2 resources from src\main\resources to target\classes
[INFO] Copying 7 resources from src\main\resources to target\classes
[INFO] 
[INFO] --- compiler:3.13.0:compile (default-compile) @ enviro-brain ---
[INFO] Recompiling the module because of changed source code.
[INFO] Compiling 11 source files with javac [debug parameters release 17] to target\classes
[INFO] 
[INFO] --- resources:3.3.1:testResources (default-testResources) @ enviro-brain ---
[INFO] Copying 2 resources from src\test\resources to target\test-classes
[INFO] 
[INFO] --- compiler:3.13.0:testCompile (default-testCompile) @ enviro-brain ---
[INFO] Recompiling the module because of changed dependency.
[INFO] Compiling 10 source files with javac [debug parameters release 17] to target\test-classes
[INFO] 
[INFO] --- surefire:3.2.5:test (default-test) @ enviro-brain ---
[INFO] Using auto detected provider org.apache.maven.surefire.junitplatform.JUnitPlatformProvider
[INFO] 
[INFO] -------------------------------------------------------
[INFO]  T E S T S
[INFO] -------------------------------------------------------
[INFO] Running com.enviro.brain.entity.CameraConfigTest
[INFO] Tests run: 2, Failures: 0, Errors: 0, Skipped: 0, Time elapsed: 0.064 s -- in com.enviro.brain.entity.CameraConfigTest
[INFO] Running com.enviro.brain.entity.CameraResultTest
[INFO] Tests run: 2, Failures: 0, Errors: 0, Skipped: 0, Time elapsed: 0.007 s -- in com.enviro.brain.entity.CameraResultTest
[INFO] Running com.enviro.brain.entity.HasSyncVersionTest
[INFO] Tests run: 2, Failures: 0, Errors: 0, Skipped: 0, Time elapsed: 0.006 s -- in com.enviro.brain.entity.HasSyncVersionTest
[INFO] Running com.enviro.brain.entity.InspectionRecordTest
[INFO] Tests run: 2, Failures: 0, Errors: 0, Skipped: 0, Time elapsed: 0.005 s -- in com.enviro.brain.entity.InspectionRecordTest
[INFO] Running com.enviro.brain.entity.LedgerRecordTest
[INFO] Tests run: 2, Failures: 0, Errors: 0, Skipped: 0, Time elapsed: 0.005 s -- in com.enviro.brain.entity.LedgerRecordTest
[INFO] Running com.enviro.brain.mapper.CameraConfigMapperTest
11:47:45.647 [main] INFO org.springframework.test.context.support.AnnotationConfigContextLoaderUtils -- Could not detect default configuration classes for test class [com.enviro.brain.mapper.CameraConfigMapperTest]: CameraConfigMapperTest does not declare any static, non-private, non-final, nested classes annotated with @Configuration.
11:47:45.866 [main] INFO org.springframework.boot.test.context.SpringBootTestContextBootstrapper -- Found @SpringBootConfiguration com.enviro.brain.EnviroBrainApplication for test class com.enviro.brain.mapper.CameraConfigMapperTest

  .   ____          _            __ _ _
 /\\ / ___'_ __ _ _(_)_ __  __ _ \ \ \ \
( ( )\___ | '_ | '_| | '_ \/ _` | \ \ \ \
 \\/  ___)| |_)| | | | | || (_| |  ) ) ) )
  '  |____| .__|_| |_|_| |_\__, | / / / /
 =========|_|==============|___/=/_/_/_/

 :: Spring Boot ::                (v3.3.5)

2026-07-06T11:47:46.465+08:00  INFO 24452 --- [           main] c.e.brain.mapper.CameraConfigMapperTest  : Starting CameraConfigMapperTest using Java 17.0.12 with PID 24452 (started by 7even in D:\gkproject\camera-inspection3.0\enviro-brain)
2026-07-06T11:47:46.467+08:00  INFO 24452 --- [           main] c.e.brain.mapper.CameraConfigMapperTest  : The following 1 profile is active: "test"
2026-07-06T11:47:47.117+08:00  INFO 24452 --- [           main] beddedDataSourceBeanFactoryPostProcessor : Replacing 'dataSource' DataSource bean with embedded version
2026-07-06T11:47:47.774+08:00  INFO 24452 --- [           main] o.s.j.d.e.EmbeddedDatabaseFactory        : Starting embedded database: url='jdbc:h2:mem:07b658e7-a89b-4dac-bd01-11b076dedbf8;DB_CLOSE_DELAY=-1;DB_CLOSE_ON_EXIT=false', username='sa'
Logging initialized using 'class org.apache.ibatis.logging.stdout.StdOutImpl' adapter.
2026-07-06T11:47:48.782+08:00  INFO 24452 --- [           main] c.e.brain.mapper.CameraConfigMapperTest  : Started CameraConfigMapperTest in 2.842 seconds (process running for 4.257)
mvn.cmd : Java HotSpot(TM) 64-Bit Server VM warning: Sharing is only supported for boot loader classes because bootstra
p classpath has been appended
所在位置 行:4 字符: 11
+ $output = & mvn -B clean test "-Dmaven.repo.local=$env:USERPROFILE\.w ...
+           ~~~~~~~~~~~~~~~~~~~~~~~~~~~~~~~~~~~~~~~~~~~~~~~~~~~~~~~~~~~
    + CategoryInfo          : NotSpecified: (Java HotSpot(TM...s been appended:String) [], RemoteException
    + FullyQualifiedErrorId : NativeCommandError
 
Creating a new SqlSession
Registering transaction synchronization for SqlSession [org.apache.ibatis.session.defaults.DefaultSqlSession@5409dfdd]
JDBC Connection [conn2: url=jdbc:h2:mem:07b658e7-a89b-4dac-bd01-11b076dedbf8 user=SA] will be managed by Spring
==>  Preparing: INSERT INTO camera_config ( camera_code, camera_name, rtsp_url, location, enabled ) VALUES ( ?, ?, ?, ?, ? )
==> Parameters: CAM-CFG-001(String), 配置测试摄像头(String), rtsp://192.168.1.100:554/stream(String), 一楼大厅(String), 1(Integer)
<==    Updates: 1
Releasing transactional SqlSession [org.apache.ibatis.session.defaults.DefaultSqlSession@5409dfdd]
Transaction synchronization deregistering SqlSession [org.apache.ibatis.session.defaults.DefaultSqlSession@5409dfdd]
Transaction synchronization closing SqlSession [org.apache.ibatis.session.defaults.DefaultSqlSession@5409dfdd]
Creating a new SqlSession
Registering transaction synchronization for SqlSession [org.apache.ibatis.session.defaults.DefaultSqlSession@8383a14]
JDBC Connection [conn3: url=jdbc:h2:mem:07b658e7-a89b-4dac-bd01-11b076dedbf8 user=SA] will be managed by Spring
==>  Preparing: INSERT INTO camera_config ( camera_code, camera_name, rtsp_url, location, enabled ) VALUES ( ?, ?, ?, ?, ? )
==> Parameters: CAM-FINDALL(String), findAll测试(String), rtsp://192.168.1.103:554/stream(String), null, 1(Integer)
<==    Updates: 1
Releasing transactional SqlSession [org.apache.ibatis.session.defaults.DefaultSqlSession@8383a14]
Fetched SqlSession [org.apache.ibatis.session.defaults.DefaultSqlSession@8383a14] from current transaction
==>  Preparing: SELECT * FROM camera_config ORDER BY id ASC
==> Parameters: 
<==    Columns: ID, CAMERA_CODE, CAMERA_NAME, RTSP_URL, LOCATION, ENABLED, CREATED_AT, UPDATED_AT
<==        Row: 2, CAM-FINDALL, findAll测试, rtsp://192.168.1.103:554/stream, null, 1, 2026-07-06 11:47:49.954529, 2026-07-06 11:47:49.954529
<==      Total: 1
Releasing transactional SqlSession [org.apache.ibatis.session.defaults.DefaultSqlSession@8383a14]
Transaction synchronization deregistering SqlSession [org.apache.ibatis.session.defaults.DefaultSqlSession@8383a14]
Transaction synchronization closing SqlSession [org.apache.ibatis.session.defaults.DefaultSqlSession@8383a14]
Creating a new SqlSession
Registering transaction synchronization for SqlSession [org.apache.ibatis.session.defaults.DefaultSqlSession@270f28cf]
JDBC Connection [conn4: url=jdbc:h2:mem:07b658e7-a89b-4dac-bd01-11b076dedbf8 user=SA] will be managed by Spring
==>  Preparing: INSERT INTO camera_config ( camera_code, camera_name, rtsp_url, location, enabled ) VALUES ( ?, ?, ?, ?, ? )
==> Parameters: CAM-UPDATE-001(String), 更新前(String), rtsp://192.168.1.400:554/stream(String), 五楼(String), 1(Integer)
<==    Updates: 1
Releasing transactional SqlSession [org.apache.ibatis.session.defaults.DefaultSqlSession@270f28cf]
Fetched SqlSession [org.apache.ibatis.session.defaults.DefaultSqlSession@270f28cf] from current transaction
==>  Preparing: UPDATE camera_config SET camera_name = ?, rtsp_url = ?, location = ?, enabled = ?, updated_at = CURRENT_TIMESTAMP WHERE id = ?
==> Parameters: 更新后(String), rtsp://192.168.1.400:554/stream(String), 五楼-新位置(String), 0(Integer), 3(Long)
<==    Updates: 1
Releasing transactional SqlSession [org.apache.ibatis.session.defaults.DefaultSqlSession@270f28cf]
Fetched SqlSession [org.apache.ibatis.session.defaults.DefaultSqlSession@270f28cf] from current transaction
==>  Preparing: SELECT * FROM camera_config WHERE camera_code = ?
==> Parameters: CAM-UPDATE-001(String)
<==    Columns: ID, CAMERA_CODE, CAMERA_NAME, RTSP_URL, LOCATION, ENABLED, CREATED_AT, UPDATED_AT
<==        Row: 3, CAM-UPDATE-001, 更新后, rtsp://192.168.1.400:554/stream, 五楼-新位置, 0, 2026-07-06 11:47:49.998796, 2026-07-06 11:47:49.998796
<==      Total: 1
Releasing transactional SqlSession [org.apache.ibatis.session.defaults.DefaultSqlSession@270f28cf]
Transaction synchronization deregistering SqlSession [org.apache.ibatis.session.defaults.DefaultSqlSession@270f28cf]
Transaction synchronization closing SqlSession [org.apache.ibatis.session.defaults.DefaultSqlSession@270f28cf]
Creating a new SqlSession
Registering transaction synchronization for SqlSession [org.apache.ibatis.session.defaults.DefaultSqlSession@b5de9ac]
JDBC Connection [conn5: url=jdbc:h2:mem:07b658e7-a89b-4dac-bd01-11b076dedbf8 user=SA] will be managed by Spring
==>  Preparing: INSERT INTO camera_config ( camera_code, camera_name, rtsp_url, location, enabled ) VALUES ( ?, ?, ?, ?, ? )
==> Parameters: CAM-DELETE-001(String), 待删除(String), rtsp://192.168.1.300:554/stream(String), null, 1(Integer)
<==    Updates: 1
Releasing transactional SqlSession [org.apache.ibatis.session.defaults.DefaultSqlSession@b5de9ac]
Fetched SqlSession [org.apache.ibatis.session.defaults.DefaultSqlSession@b5de9ac] from current transaction
==>  Preparing: DELETE FROM camera_config WHERE camera_code = ?
==> Parameters: CAM-DELETE-001(String)
<==    Updates: 1
Releasing transactional SqlSession [org.apache.ibatis.session.defaults.DefaultSqlSession@b5de9ac]
Fetched SqlSession [org.apache.ibatis.session.defaults.DefaultSqlSession@b5de9ac] from current transaction
==>  Preparing: SELECT * FROM camera_config WHERE camera_code = ?
==> Parameters: CAM-DELETE-001(String)
<==      Total: 0
Releasing transactional SqlSession [org.apache.ibatis.session.defaults.DefaultSqlSession@b5de9ac]
Transaction synchronization deregistering SqlSession [org.apache.ibatis.session.defaults.DefaultSqlSession@b5de9ac]
Transaction synchronization closing SqlSession [org.apache.ibatis.session.defaults.DefaultSqlSession@b5de9ac]
Creating a new SqlSession
Registering transaction synchronization for SqlSession [org.apache.ibatis.session.defaults.DefaultSqlSession@d120d7c]
JDBC Connection [conn6: url=jdbc:h2:mem:07b658e7-a89b-4dac-bd01-11b076dedbf8 user=SA] will be managed by Spring
==>  Preparing: INSERT INTO camera_config ( camera_code, camera_name, rtsp_url, location, enabled ) VALUES ( ?, ?, ?, ?, ? )
==> Parameters: CAM-UPSERT-002(String), Upsert原始(String), rtsp://192.168.1.201:554/stream(String), 四楼走廊(String), 1(Integer)
<==    Updates: 1
Releasing transactional SqlSession [org.apache.ibatis.session.defaults.DefaultSqlSession@d120d7c]
Fetched SqlSession [org.apache.ibatis.session.defaults.DefaultSqlSession@d120d7c] from current transaction
==>  Preparing: INSERT INTO camera_config ( camera_code, camera_name, rtsp_url, location, enabled ) VALUES ( ?, ?, ?, ?, ? ) ON DUPLICATE KEY UPDATE camera_name = VALUES(camera_name), rtsp_url = VALUES(rtsp_url), location = VALUES(location), enabled = VALUES(enabled), updated_at = CURRENT_TIMESTAMP
Releasing transactional SqlSession [org.apache.ibatis.session.defaults.DefaultSqlSession@d120d7c]
Transaction synchronization deregistering SqlSession [org.apache.ibatis.session.defaults.DefaultSqlSession@d120d7c]
Transaction synchronization closing SqlSession [org.apache.ibatis.session.defaults.DefaultSqlSession@d120d7c]
Creating a new SqlSession
Registering transaction synchronization for SqlSession [org.apache.ibatis.session.defaults.DefaultSqlSession@1d55dd21]
JDBC Connection [conn7: url=jdbc:h2:mem:07b658e7-a89b-4dac-bd01-11b076dedbf8 user=SA] will be managed by Spring
==>  Preparing: INSERT INTO camera_config ( camera_code, camera_name, rtsp_url, location, enabled ) VALUES ( ?, ?, ?, ?, ? ) ON DUPLICATE KEY UPDATE camera_name = VALUES(camera_name), rtsp_url = VALUES(rtsp_url), location = VALUES(location), enabled = VALUES(enabled), updated_at = CURRENT_TIMESTAMP
Releasing transactional SqlSession [org.apache.ibatis.session.defaults.DefaultSqlSession@1d55dd21]
Transaction synchronization deregistering SqlSession [org.apache.ibatis.session.defaults.DefaultSqlSession@1d55dd21]
Transaction synchronization closing SqlSession [org.apache.ibatis.session.defaults.DefaultSqlSession@1d55dd21]
Creating a new SqlSession
Registering transaction synchronization for SqlSession [org.apache.ibatis.session.defaults.DefaultSqlSession@284d4885]
JDBC Connection [conn8: url=jdbc:h2:mem:07b658e7-a89b-4dac-bd01-11b076dedbf8 user=SA] will be managed by Spring
==>  Preparing: INSERT INTO camera_config ( camera_code, camera_name, rtsp_url, location, enabled ) VALUES ( ?, ?, ?, ?, ? )
==> Parameters: CAM-CFG-002(String), 查找测试(String), rtsp://192.168.1.101:554/stream(String), 二楼办公室(String), 1(Integer)
<==    Updates: 1
Releasing transactional SqlSession [org.apache.ibatis.session.defaults.DefaultSqlSession@284d4885]
Fetched SqlSession [org.apache.ibatis.session.defaults.DefaultSqlSession@284d4885] from current transaction
==>  Preparing: SELECT * FROM camera_config WHERE id = ?
==> Parameters: 6(Long)
<==    Columns: ID, CAMERA_CODE, CAMERA_NAME, RTSP_URL, LOCATION, ENABLED, CREATED_AT, UPDATED_AT
<==        Row: 6, CAM-CFG-002, 查找测试, rtsp://192.168.1.101:554/stream, 二楼办公室, 1, 2026-07-06 11:47:50.203795, 2026-07-06 11:47:50.203795
<==      Total: 1
Releasing transactional SqlSession [org.apache.ibatis.session.defaults.DefaultSqlSession@284d4885]
Transaction synchronization deregistering SqlSession [org.apache.ibatis.session.defaults.DefaultSqlSession@284d4885]
Transaction synchronization closing SqlSession [org.apache.ibatis.session.defaults.DefaultSqlSession@284d4885]
Creating a new SqlSession
Registering transaction synchronization for SqlSession [org.apache.ibatis.session.defaults.DefaultSqlSession@5a8dcfbb]
JDBC Connection [conn9: url=jdbc:h2:mem:07b658e7-a89b-4dac-bd01-11b076dedbf8 user=SA] will be managed by Spring
==>  Preparing: INSERT INTO camera_config ( camera_code, camera_name, rtsp_url, location, enabled ) VALUES ( ?, ?, ?, ?, ? )
==> Parameters: CAM-UNIQUE-001(String), 唯一编码测试(String), rtsp://192.168.1.102:554/stream(String), null, 1(Integer)
<==    Updates: 1
Releasing transactional SqlSession [org.apache.ibatis.session.defaults.DefaultSqlSession@5a8dcfbb]
Fetched SqlSession [org.apache.ibatis.session.defaults.DefaultSqlSession@5a8dcfbb] from current transaction
==>  Preparing: SELECT * FROM camera_config WHERE camera_code = ?
==> Parameters: CAM-UNIQUE-001(String)
<==    Columns: ID, CAMERA_CODE, CAMERA_NAME, RTSP_URL, LOCATION, ENABLED, CREATED_AT, UPDATED_AT
<==        Row: 7, CAM-UNIQUE-001, 唯一编码测试, rtsp://192.168.1.102:554/stream, null, 1, 2026-07-06 11:47:50.211794, 2026-07-06 11:47:50.211794
<==      Total: 1
Releasing transactional SqlSession [org.apache.ibatis.session.defaults.DefaultSqlSession@5a8dcfbb]
Transaction synchronization deregistering SqlSession [org.apache.ibatis.session.defaults.DefaultSqlSession@5a8dcfbb]
Transaction synchronization closing SqlSession [org.apache.ibatis.session.defaults.DefaultSqlSession@5a8dcfbb]
[ERROR] Tests run: 8, Failures: 0, Errors: 2, Skipped: 0, Time elapsed: 4.828 s <<< FAILURE! -- in com.enviro.brain.mapper.CameraConfigMapperTest
[ERROR] com.enviro.brain.mapper.CameraConfigMapperTest.upsert_shouldUpdateWhenExists -- Time elapsed: 0.164 s <<< ERROR!
org.springframework.jdbc.BadSqlGrammarException: 

### Error updating database.  Cause: org.h2.jdbc.JdbcSQLSyntaxErrorException: Syntax error in SQL statement "INSERT INTO camera_config (\000a            camera_code, camera_name, rtsp_url, location, enabled\000a        ) VALUES (\000a            ?, ?, ?, ?, ?\000a        )\000a        [*]ON DUPLICATE KEY UPDATE\000a            camera_name = VALUES(camera_name),\000a            rtsp_url = VALUES(rtsp_url),\000a            location = VALUES(location),\000a            enabled = VALUES(enabled),\000a            updated_at = CURRENT_TIMESTAMP"; SQL statement:
INSERT INTO camera_config (
            camera_code, camera_name, rtsp_url, location, enabled
        ) VALUES (
            ?, ?, ?, ?, ?
        )
        ON DUPLICATE KEY UPDATE
            camera_name = VALUES(camera_name),
            rtsp_url = VALUES(rtsp_url),
            location = VALUES(location),
            enabled = VALUES(enabled),
            updated_at = CURRENT_TIMESTAMP [42000-224]
### The error may exist in file [D:\gkproject\camera-inspection3.0\enviro-brain\target\classes\mapper\CameraConfigMapper.xml]
### The error may involve com.enviro.brain.mapper.CameraConfigMapper.upsert
### The error occurred while executing an update
### SQL: INSERT INTO camera_config (             camera_code, camera_name, rtsp_url, location, enabled         ) VALUES (             ?, ?, ?, ?, ?         )         ON DUPLICATE KEY UPDATE             camera_name = VALUES(camera_name),             rtsp_url = VALUES(rtsp_url),             location = VALUES(location),             enabled = VALUES(enabled),             updated_at = CURRENT_TIMESTAMP
### Cause: org.h2.jdbc.JdbcSQLSyntaxErrorException: Syntax error in SQL statement "INSERT INTO camera_config (\000a            camera_code, camera_name, rtsp_url, location, enabled\000a        ) VALUES (\000a            ?, ?, ?, ?, ?\000a        )\000a        [*]ON DUPLICATE KEY UPDATE\000a            camera_name = VALUES(camera_name),\000a            rtsp_url = VALUES(rtsp_url),\000a            location = VALUES(location),\000a            enabled = VALUES(enabled),\000a            updated_at = CURRENT_TIMESTAMP"; SQL statement:
INSERT INTO camera_config (
            camera_code, camera_name, rtsp_url, location, enabled
        ) VALUES (
            ?, ?, ?, ?, ?
        )
        ON DUPLICATE KEY UPDATE
            camera_name = VALUES(camera_name),
            rtsp_url = VALUES(rtsp_url),
            location = VALUES(location),
            enabled = VALUES(enabled),
            updated_at = CURRENT_TIMESTAMP [42000-224]
; bad SQL grammar []
	at org.springframework.jdbc.support.SQLErrorCodeSQLExceptionTranslator.doTranslate(SQLErrorCodeSQLExceptionTranslator.java:246)
	at org.springframework.jdbc.support.AbstractFallbackSQLExceptionTranslator.translate(AbstractFallbackSQLExceptionTranslator.java:107)
	at org.mybatis.spring.MyBatisExceptionTranslator.translateExceptionIfPossible(MyBatisExceptionTranslator.java:92)
	at org.mybatis.spring.SqlSessionTemplate$SqlSessionInterceptor.invoke(SqlSessionTemplate.java:439)
	at jdk.proxy2/jdk.proxy2.$Proxy58.update(Unknown Source)
	at org.mybatis.spring.SqlSessionTemplate.update(SqlSessionTemplate.java:288)
	at org.apache.ibatis.binding.MapperMethod.execute(MapperMethod.java:67)
	at org.apache.ibatis.binding.MapperProxy$PlainMethodInvoker.invoke(MapperProxy.java:141)
	at org.apache.ibatis.binding.MapperProxy.invoke(MapperProxy.java:86)
	at jdk.proxy2/jdk.proxy2.$Proxy60.upsert(Unknown Source)
	at com.enviro.brain.mapper.CameraConfigMapperTest.upsert_shouldUpdateWhenExists(CameraConfigMapperTest.java:118)
	at java.base/java.lang.reflect.Method.invoke(Method.java:568)
	at java.base/java.util.ArrayList.forEach(ArrayList.java:1511)
	at java.base/java.util.ArrayList.forEach(ArrayList.java:1511)
Caused by: org.h2.jdbc.JdbcSQLSyntaxErrorException: Syntax error in SQL statement "INSERT INTO camera_config (\000a            camera_code, camera_name, rtsp_url, location, enabled\000a        ) VALUES (\000a            ?, ?, ?, ?, ?\000a        )\000a        [*]ON DUPLICATE KEY UPDATE\000a            camera_name = VALUES(camera_name),\000a            rtsp_url = VALUES(rtsp_url),\000a            location = VALUES(location),\000a            enabled = VALUES(enabled),\000a            updated_at = CURRENT_TIMESTAMP"; SQL statement:
INSERT INTO camera_config (
            camera_code, camera_name, rtsp_url, location, enabled
        ) VALUES (
            ?, ?, ?, ?, ?
        )
        ON DUPLICATE KEY UPDATE
            camera_name = VALUES(camera_name),
            rtsp_url = VALUES(rtsp_url),
            location = VALUES(location),
            enabled = VALUES(enabled),
            updated_at = CURRENT_TIMESTAMP [42000-224]
	at org.h2.message.DbException.getJdbcSQLException(DbException.java:514)
	at org.h2.message.DbException.getJdbcSQLException(DbException.java:489)
	at org.h2.message.DbException.get(DbException.java:223)
	at org.h2.message.DbException.get(DbException.java:199)
	at org.h2.message.DbException.getSyntaxError(DbException.java:247)
	at org.h2.command.ParserBase.getSyntaxError(ParserBase.java:748)
	at org.h2.command.Parser.prepareCommand(Parser.java:486)
	at org.h2.engine.SessionLocal.prepareLocal(SessionLocal.java:639)
	at org.h2.engine.SessionLocal.prepareCommand(SessionLocal.java:559)
	at org.h2.jdbc.JdbcConnection.prepareCommand(JdbcConnection.java:1166)
	at org.h2.jdbc.JdbcPreparedStatement.<init>(JdbcPreparedStatement.java:93)
	at org.h2.jdbc.JdbcConnection.prepareStatement(JdbcConnection.java:316)
	at java.base/jdk.internal.reflect.NativeMethodAccessorImpl.invoke0(Native Method)
	at java.base/jdk.internal.reflect.NativeMethodAccessorImpl.invoke(NativeMethodAccessorImpl.java:77)
	at java.base/jdk.internal.reflect.DelegatingMethodAccessorImpl.invoke(DelegatingMethodAccessorImpl.java:43)
	at java.base/java.lang.reflect.Method.invoke(Method.java:568)
	at org.apache.ibatis.logging.jdbc.ConnectionLogger.invoke(ConnectionLogger.java:53)
	at jdk.proxy3/jdk.proxy3.$Proxy118.prepareStatement(Unknown Source)
	at org.apache.ibatis.executor.statement.PreparedStatementHandler.instantiateStatement(PreparedStatementHandler.java:88)
	at org.apache.ibatis.executor.statement.BaseStatementHandler.prepare(BaseStatementHandler.java:90)
	at org.apache.ibatis.executor.statement.RoutingStatementHandler.prepare(RoutingStatementHandler.java:60)
	at org.apache.ibatis.executor.SimpleExecutor.prepareStatement(SimpleExecutor.java:90)
	at org.apache.ibatis.executor.SimpleExecutor.doUpdate(SimpleExecutor.java:49)
	at org.apache.ibatis.executor.BaseExecutor.update(BaseExecutor.java:117)
	at org.apache.ibatis.executor.CachingExecutor.update(CachingExecutor.java:76)
	at org.apache.ibatis.session.defaults.DefaultSqlSession.update(DefaultSqlSession.java:197)
	at java.base/jdk.internal.reflect.NativeMethodAccessorImpl.invoke0(Native Method)
	at java.base/jdk.internal.reflect.NativeMethodAccessorImpl.invoke(NativeMethodAccessorImpl.java:77)
	at java.base/jdk.internal.reflect.DelegatingMethodAccessorImpl.invoke(DelegatingMethodAccessorImpl.java:43)
	at java.base/java.lang.reflect.Method.invoke(Method.java:568)
	at org.mybatis.spring.SqlSessionTemplate$SqlSessionInterceptor.invoke(SqlSessionTemplate.java:425)
	... 10 more

[ERROR] com.enviro.brain.mapper.CameraConfigMapperTest.upsert_shouldInsertWhenNotExists -- Time elapsed: 0.006 s <<< ERROR!
org.springframework.jdbc.BadSqlGrammarException: 

### Error updating database.  Cause: org.h2.jdbc.JdbcSQLSyntaxErrorException: Syntax error in SQL statement "INSERT INTO camera_config (\000a            camera_code, camera_name, rtsp_url, location, enabled\000a        ) VALUES (\000a            ?, ?, ?, ?, ?\000a        )\000a        [*]ON DUPLICATE KEY UPDATE\000a            camera_name = VALUES(camera_name),\000a            rtsp_url = VALUES(rtsp_url),\000a            location = VALUES(location),\000a            enabled = VALUES(enabled),\000a            updated_at = CURRENT_TIMESTAMP"; SQL statement:
INSERT INTO camera_config (
            camera_code, camera_name, rtsp_url, location, enabled
        ) VALUES (
            ?, ?, ?, ?, ?
        )
        ON DUPLICATE KEY UPDATE
            camera_name = VALUES(camera_name),
            rtsp_url = VALUES(rtsp_url),
            location = VALUES(location),
            enabled = VALUES(enabled),
            updated_at = CURRENT_TIMESTAMP [42000-224]
### The error may exist in file [D:\gkproject\camera-inspection3.0\enviro-brain\target\classes\mapper\CameraConfigMapper.xml]
### The error may involve com.enviro.brain.mapper.CameraConfigMapper.upsert
### The error occurred while executing an update
### SQL: INSERT INTO camera_config (             camera_code, camera_name, rtsp_url, location, enabled         ) VALUES (             ?, ?, ?, ?, ?         )         ON DUPLICATE KEY UPDATE             camera_name = VALUES(camera_name),             rtsp_url = VALUES(rtsp_url),             location = VALUES(location),             enabled = VALUES(enabled),             updated_at = CURRENT_TIMESTAMP
### Cause: org.h2.jdbc.JdbcSQLSyntaxErrorException: Syntax error in SQL statement "INSERT INTO camera_config (\000a            camera_code, camera_name, rtsp_url, location, enabled\000a        ) VALUES (\000a            ?, ?, ?, ?, ?\000a        )\000a        [*]ON DUPLICATE KEY UPDATE\000a            camera_name = VALUES(camera_name),\000a            rtsp_url = VALUES(rtsp_url),\000a            location = VALUES(location),\000a            enabled = VALUES(enabled),\000a            updated_at = CURRENT_TIMESTAMP"; SQL statement:
INSERT INTO camera_config (
            camera_code, camera_name, rtsp_url, location, enabled
        ) VALUES (
            ?, ?, ?, ?, ?
        )
        ON DUPLICATE KEY UPDATE
            camera_name = VALUES(camera_name),
            rtsp_url = VALUES(rtsp_url),
            location = VALUES(location),
            enabled = VALUES(enabled),
            updated_at = CURRENT_TIMESTAMP [42000-224]
; bad SQL grammar []
	at org.springframework.jdbc.support.SQLErrorCodeSQLExceptionTranslator.doTranslate(SQLErrorCodeSQLExceptionTranslator.java:246)
	at org.springframework.jdbc.support.AbstractFallbackSQLExceptionTranslator.translate(AbstractFallbackSQLExceptionTranslator.java:107)
	at org.mybatis.spring.MyBatisExceptionTranslator.translateExceptionIfPossible(MyBatisExceptionTranslator.java:92)
	at org.mybatis.spring.SqlSessionTemplate$SqlSessionInterceptor.invoke(SqlSessionTemplate.java:439)
	at jdk.proxy2/jdk.proxy2.$Proxy58.update(Unknown Source)
	at org.mybatis.spring.SqlSessionTemplate.update(SqlSessionTemplate.java:288)
	at org.apache.ibatis.binding.MapperMethod.execute(MapperMethod.java:67)
	at org.apache.ibatis.binding.MapperProxy$PlainMethodInvoker.invoke(MapperProxy.java:141)
	at org.apache.ibatis.binding.MapperProxy.invoke(MapperProxy.java:86)
	at jdk.proxy2/jdk.proxy2.$Proxy60.upsert(Unknown Source)
	at com.enviro.brain.mapper.CameraConfigMapperTest.upsert_shouldInsertWhenNotExists(CameraConfigMapperTest.java:90)
	at java.base/java.lang.reflect.Method.invoke(Method.java:568)
	at java.base/java.util.ArrayList.forEach(ArrayList.java:1511)
	at java.base/java.util.ArrayList.forEach(ArrayList.java:1511)
Caused by: org.h2.jdbc.JdbcSQLSyntaxErrorException: Syntax error in SQL statement "INSERT INTO camera_config (\000a            camera_code, camera_name, rtsp_url, location, enabled\000a        ) VALUES (\000a            ?, ?, ?, ?, ?\000a        )\000a        [*]ON DUPLICATE KEY UPDATE\000a            camera_name = VALUES(camera_name),\000a            rtsp_url = VALUES(rtsp_url),\000a            location = VALUES(location),\000a            enabled = VALUES(enabled),\000a            updated_at = CURRENT_TIMESTAMP"; SQL statement:
INSERT INTO camera_config (
            camera_code, camera_name, rtsp_url, location, enabled
        ) VALUES (
            ?, ?, ?, ?, ?
        )
        ON DUPLICATE KEY UPDATE
            camera_name = VALUES(camera_name),
            rtsp_url = VALUES(rtsp_url),
            location = VALUES(location),
            enabled = VALUES(enabled),
            updated_at = CURRENT_TIMESTAMP [42000-224]
	at org.h2.message.DbException.getJdbcSQLException(DbException.java:514)
	at org.h2.message.DbException.getJdbcSQLException(DbException.java:489)
	at org.h2.message.DbException.get(DbException.java:223)
	at org.h2.message.DbException.get(DbException.java:199)
	at org.h2.message.DbException.getSyntaxError(DbException.java:247)
	at org.h2.command.ParserBase.getSyntaxError(ParserBase.java:748)
	at org.h2.command.Parser.prepareCommand(Parser.java:486)
	at org.h2.engine.SessionLocal.prepareLocal(SessionLocal.java:639)
	at org.h2.engine.SessionLocal.prepareCommand(SessionLocal.java:559)
	at org.h2.jdbc.JdbcConnection.prepareCommand(JdbcConnection.java:1166)
	at org.h2.jdbc.JdbcPreparedStatement.<init>(JdbcPreparedStatement.java:93)
	at org.h2.jdbc.JdbcConnection.prepareStatement(JdbcConnection.java:316)
	at java.base/jdk.internal.reflect.NativeMethodAccessorImpl.invoke0(Native Method)
	at java.base/jdk.internal.reflect.NativeMethodAccessorImpl.invoke(NativeMethodAccessorImpl.java:77)
	at java.base/jdk.internal.reflect.DelegatingMethodAccessorImpl.invoke(DelegatingMethodAccessorImpl.java:43)
	at java.base/java.lang.reflect.Method.invoke(Method.java:568)
	at org.apache.ibatis.logging.jdbc.ConnectionLogger.invoke(ConnectionLogger.java:53)
	at jdk.proxy3/jdk.proxy3.$Proxy118.prepareStatement(Unknown Source)
	at org.apache.ibatis.executor.statement.PreparedStatementHandler.instantiateStatement(PreparedStatementHandler.java:88)
	at org.apache.ibatis.executor.statement.BaseStatementHandler.prepare(BaseStatementHandler.java:90)
	at org.apache.ibatis.executor.statement.RoutingStatementHandler.prepare(RoutingStatementHandler.java:60)
	at org.apache.ibatis.executor.SimpleExecutor.prepareStatement(SimpleExecutor.java:90)
	at org.apache.ibatis.executor.SimpleExecutor.doUpdate(SimpleExecutor.java:49)
	at org.apache.ibatis.executor.BaseExecutor.update(BaseExecutor.java:117)
	at org.apache.ibatis.executor.CachingExecutor.update(CachingExecutor.java:76)
	at org.apache.ibatis.session.defaults.DefaultSqlSession.update(DefaultSqlSession.java:197)
	at java.base/jdk.internal.reflect.NativeMethodAccessorImpl.invoke0(Native Method)
	at java.base/jdk.internal.reflect.NativeMethodAccessorImpl.invoke(NativeMethodAccessorImpl.java:77)
	at java.base/jdk.internal.reflect.DelegatingMethodAccessorImpl.invoke(DelegatingMethodAccessorImpl.java:43)
	at java.base/java.lang.reflect.Method.invoke(Method.java:568)
	at org.mybatis.spring.SqlSessionTemplate$SqlSessionInterceptor.invoke(SqlSessionTemplate.java:425)
	... 10 more

[INFO] Running com.enviro.brain.mapper.CameraResultMapperTest
2026-07-06T11:47:50.221+08:00  INFO 24452 --- [           main] t.c.s.AnnotationConfigContextLoaderUtils : Could not detect default configuration classes for test class [com.enviro.brain.mapper.CameraResultMapperTest]: CameraResultMapperTest does not declare any static, non-private, non-final, nested classes annotated with @Configuration.
2026-07-06T11:47:50.232+08:00  INFO 24452 --- [           main] .b.t.c.SpringBootTestContextBootstrapper : Found @SpringBootConfiguration com.enviro.brain.EnviroBrainApplication for test class com.enviro.brain.mapper.CameraResultMapperTest
Creating a new SqlSession
Registering transaction synchronization for SqlSession [org.apache.ibatis.session.defaults.DefaultSqlSession@6ac756b]
JDBC Connection [conn10: url=jdbc:h2:mem:07b658e7-a89b-4dac-bd01-11b076dedbf8 user=SA] will be managed by Spring
==>  Preparing: INSERT INTO camera_results ( record_id, camera_code, camera_name, status, quality_score, screenshot_path, error_message, sync_version ) VALUES ( ?, ?, ?, ?, ?, ?, ?, ? )
==> Parameters: 1(Long), CAM-002(String), 摄像头002(String), OFFLINE(String), 0.00(BigDecimal), null, Connection timeout(String), null
Releasing transactional SqlSession [org.apache.ibatis.session.defaults.DefaultSqlSession@6ac756b]
Transaction synchronization deregistering SqlSession [org.apache.ibatis.session.defaults.DefaultSqlSession@6ac756b]
Transaction synchronization closing SqlSession [org.apache.ibatis.session.defaults.DefaultSqlSession@6ac756b]
Creating a new SqlSession
Registering transaction synchronization for SqlSession [org.apache.ibatis.session.defaults.DefaultSqlSession@2a425cf5]
JDBC Connection [conn11: url=jdbc:h2:mem:07b658e7-a89b-4dac-bd01-11b076dedbf8 user=SA] will be managed by Spring
==>  Preparing: INSERT INTO camera_results ( record_id, camera_code, camera_name, status, quality_score, screenshot_path, error_message, sync_version ) VALUES ( ?, ?, ?, ?, ?, ?, ?, ? )
==> Parameters: 1(Long), CAM-001(String), 摄像头001(String), ONLINE(String), 85.50(BigDecimal), /screenshots/CAM-001-001.jpg(String), null, null
Releasing transactional SqlSession [org.apache.ibatis.session.defaults.DefaultSqlSession@2a425cf5]
Transaction synchronization deregistering SqlSession [org.apache.ibatis.session.defaults.DefaultSqlSession@2a425cf5]
Transaction synchronization closing SqlSession [org.apache.ibatis.session.defaults.DefaultSqlSession@2a425cf5]
Creating a new SqlSession
Registering transaction synchronization for SqlSession [org.apache.ibatis.session.defaults.DefaultSqlSession@71139e77]
JDBC Connection [conn12: url=jdbc:h2:mem:07b658e7-a89b-4dac-bd01-11b076dedbf8 user=SA] will be managed by Spring
==>  Preparing: SELECT * FROM camera_results WHERE sync_version > ? ORDER BY sync_version ASC LIMIT ?
==> Parameters: 0(Long), 100(Integer)
<==      Total: 0
Releasing transactional SqlSession [org.apache.ibatis.session.defaults.DefaultSqlSession@71139e77]
Transaction synchronization deregistering SqlSession [org.apache.ibatis.session.defaults.DefaultSqlSession@71139e77]
Transaction synchronization closing SqlSession [org.apache.ibatis.session.defaults.DefaultSqlSession@71139e77]
Creating a new SqlSession
Registering transaction synchronization for SqlSession [org.apache.ibatis.session.defaults.DefaultSqlSession@6113a26f]
JDBC Connection [conn13: url=jdbc:h2:mem:07b658e7-a89b-4dac-bd01-11b076dedbf8 user=SA] will be managed by Spring
==>  Preparing: INSERT INTO camera_results ( record_id, camera_code, camera_name, status, quality_score, screenshot_path, error_message, sync_version ) VALUES ( ?, ?, ?, ?, ?, ?, ?, ? )
==> Parameters: 999(Long), CAM-003(String), 摄像头003(String), ONLINE(String), null, null, null, null
Releasing transactional SqlSession [org.apache.ibatis.session.defaults.DefaultSqlSession@6113a26f]
Transaction synchronization deregistering SqlSession [org.apache.ibatis.session.defaults.DefaultSqlSession@6113a26f]
Transaction synchronization closing SqlSession [org.apache.ibatis.session.defaults.DefaultSqlSession@6113a26f]
Creating a new SqlSession
Registering transaction synchronization for SqlSession [org.apache.ibatis.session.defaults.DefaultSqlSession@45c423b3]
JDBC Connection [conn14: url=jdbc:h2:mem:07b658e7-a89b-4dac-bd01-11b076dedbf8 user=SA] will be managed by Spring
==>  Preparing: INSERT INTO camera_results ( record_id, camera_code, camera_name, status, quality_score, screenshot_path, error_message, sync_version ) VALUES ( ?, ?, ?, ?, ?, ?, ?, ? )
==> Parameters: 1(Long), CAM-ALL(String), 摄像头ALL(String), ONLINE(String), null, null, null, null
Releasing transactional SqlSession [org.apache.ibatis.session.defaults.DefaultSqlSession@45c423b3]
Transaction synchronization deregistering SqlSession [org.apache.ibatis.session.defaults.DefaultSqlSession@45c423b3]
Transaction synchronization closing SqlSession [org.apache.ibatis.session.defaults.DefaultSqlSession@45c423b3]
[ERROR] Tests run: 5, Failures: 0, Errors: 4, Skipped: 0, Time elapsed: 0.061 s <<< FAILURE! -- in com.enviro.brain.mapper.CameraResultMapperTest
[ERROR] com.enviro.brain.mapper.CameraResultMapperTest.findById_shouldReturnResult -- Time elapsed: 0.008 s <<< ERROR!
org.springframework.dao.DataIntegrityViolationException: 

### Error updating database.  Cause: org.h2.jdbc.JdbcSQLIntegrityConstraintViolationException: NULL not allowed for column "SYNC_VERSION"; SQL statement:
INSERT INTO camera_results (
            record_id, camera_code, camera_name, status, quality_score,
            screenshot_path, error_message, sync_version
        ) VALUES (
            ?, ?, ?, ?, ?,
            ?, ?, ?
        ) [23502-224]
### The error may exist in file [D:\gkproject\camera-inspection3.0\enviro-brain\target\classes\mapper\CameraResultMapper.xml]
### The error may involve com.enviro.brain.mapper.CameraResultMapper.insert-Inline
### The error occurred while setting parameters
### SQL: INSERT INTO camera_results (             record_id, camera_code, camera_name, status, quality_score,             screenshot_path, error_message, sync_version         ) VALUES (             ?, ?, ?, ?, ?,             ?, ?, ?         )
### Cause: org.h2.jdbc.JdbcSQLIntegrityConstraintViolationException: NULL not allowed for column "SYNC_VERSION"; SQL statement:
INSERT INTO camera_results (
            record_id, camera_code, camera_name, status, quality_score,
            screenshot_path, error_message, sync_version
        ) VALUES (
            ?, ?, ?, ?, ?,
            ?, ?, ?
        ) [23502-224]
; NULL not allowed for column "SYNC_VERSION"; SQL statement:
INSERT INTO camera_results (
            record_id, camera_code, camera_name, status, quality_score,
            screenshot_path, error_message, sync_version
        ) VALUES (
            ?, ?, ?, ?, ?,
            ?, ?, ?
        ) [23502-224]
	at org.springframework.jdbc.support.SQLErrorCodeSQLExceptionTranslator.doTranslate(SQLErrorCodeSQLExceptionTranslator.java:258)
	at org.springframework.jdbc.support.AbstractFallbackSQLExceptionTranslator.translate(AbstractFallbackSQLExceptionTranslator.java:107)
	at org.mybatis.spring.MyBatisExceptionTranslator.translateExceptionIfPossible(MyBatisExceptionTranslator.java:92)
	at org.mybatis.spring.SqlSessionTemplate$SqlSessionInterceptor.invoke(SqlSessionTemplate.java:439)
	at jdk.proxy2/jdk.proxy2.$Proxy58.insert(Unknown Source)
	at org.mybatis.spring.SqlSessionTemplate.insert(SqlSessionTemplate.java:272)
	at org.apache.ibatis.binding.MapperMethod.execute(MapperMethod.java:62)
	at org.apache.ibatis.binding.MapperProxy$PlainMethodInvoker.invoke(MapperProxy.java:141)
	at org.apache.ibatis.binding.MapperProxy.invoke(MapperProxy.java:86)
	at jdk.proxy2/jdk.proxy2.$Proxy114.insert(Unknown Source)
	at com.enviro.brain.mapper.CameraResultMapperTest.findById_shouldReturnResult(CameraResultMapperTest.java:48)
	at java.base/java.lang.reflect.Method.invoke(Method.java:568)
	at java.base/java.util.ArrayList.forEach(ArrayList.java:1511)
	at java.base/java.util.ArrayList.forEach(ArrayList.java:1511)
Caused by: org.h2.jdbc.JdbcSQLIntegrityConstraintViolationException: NULL not allowed for column "SYNC_VERSION"; SQL statement:
INSERT INTO camera_results (
            record_id, camera_code, camera_name, status, quality_score,
            screenshot_path, error_message, sync_version
        ) VALUES (
            ?, ?, ?, ?, ?,
            ?, ?, ?
        ) [23502-224]
	at org.h2.message.DbException.getJdbcSQLException(DbException.java:520)
	at org.h2.message.DbException.getJdbcSQLException(DbException.java:489)
	at org.h2.message.DbException.get(DbException.java:223)
	at org.h2.message.DbException.get(DbException.java:199)
	at org.h2.table.Column.validateConvertUpdateSequence(Column.java:365)
	at org.h2.table.Table.convertInsertRow(Table.java:936)
	at org.h2.command.dml.Insert.insertRows(Insert.java:167)
	at org.h2.command.dml.Insert.update(Insert.java:135)
	at org.h2.command.CommandContainer.executeUpdateWithGeneratedKeys(CommandContainer.java:242)
	at org.h2.command.CommandContainer.update(CommandContainer.java:163)
	at org.h2.command.Command.executeUpdate(Command.java:256)
	at org.h2.jdbc.JdbcPreparedStatement.execute(JdbcPreparedStatement.java:265)
	at java.base/jdk.internal.reflect.NativeMethodAccessorImpl.invoke0(Native Method)
	at java.base/jdk.internal.reflect.NativeMethodAccessorImpl.invoke(NativeMethodAccessorImpl.java:77)
	at java.base/jdk.internal.reflect.DelegatingMethodAccessorImpl.invoke(DelegatingMethodAccessorImpl.java:43)
	at java.base/java.lang.reflect.Method.invoke(Method.java:568)
	at org.apache.ibatis.logging.jdbc.PreparedStatementLogger.invoke(PreparedStatementLogger.java:58)
	at jdk.proxy3/jdk.proxy3.$Proxy119.execute(Unknown Source)
	at org.apache.ibatis.executor.statement.PreparedStatementHandler.update(PreparedStatementHandler.java:48)
	at org.apache.ibatis.executor.statement.RoutingStatementHandler.update(RoutingStatementHandler.java:75)
	at org.apache.ibatis.executor.SimpleExecutor.doUpdate(SimpleExecutor.java:50)
	at org.apache.ibatis.executor.BaseExecutor.update(BaseExecutor.java:117)
	at org.apache.ibatis.executor.CachingExecutor.update(CachingExecutor.java:76)
	at org.apache.ibatis.session.defaults.DefaultSqlSession.update(DefaultSqlSession.java:197)
	at org.apache.ibatis.session.defaults.DefaultSqlSession.insert(DefaultSqlSession.java:184)
	at java.base/jdk.internal.reflect.NativeMethodAccessorImpl.invoke0(Native Method)
	at java.base/jdk.internal.reflect.NativeMethodAccessorImpl.invoke(NativeMethodAccessorImpl.java:77)
	at java.base/jdk.internal.reflect.DelegatingMethodAccessorImpl.invoke(DelegatingMethodAccessorImpl.java:43)
	at java.base/java.lang.reflect.Method.invoke(Method.java:568)
	at org.mybatis.spring.SqlSessionTemplate$SqlSessionInterceptor.invoke(SqlSessionTemplate.java:425)
	... 10 more

[ERROR] com.enviro.brain.mapper.CameraResultMapperTest.insert_shouldGenerateId -- Time elapsed: 0.006 s <<< ERROR!
org.springframework.dao.DataIntegrityViolationException: 

### Error updating database.  Cause: org.h2.jdbc.JdbcSQLIntegrityConstraintViolationException: NULL not allowed for column "SYNC_VERSION"; SQL statement:
INSERT INTO camera_results (
            record_id, camera_code, camera_name, status, quality_score,
            screenshot_path, error_message, sync_version
        ) VALUES (
            ?, ?, ?, ?, ?,
            ?, ?, ?
        ) [23502-224]
### The error may exist in file [D:\gkproject\camera-inspection3.0\enviro-brain\target\classes\mapper\CameraResultMapper.xml]
### The error may involve com.enviro.brain.mapper.CameraResultMapper.insert-Inline
### The error occurred while setting parameters
### SQL: INSERT INTO camera_results (             record_id, camera_code, camera_name, status, quality_score,             screenshot_path, error_message, sync_version         ) VALUES (             ?, ?, ?, ?, ?,             ?, ?, ?         )
### Cause: org.h2.jdbc.JdbcSQLIntegrityConstraintViolationException: NULL not allowed for column "SYNC_VERSION"; SQL statement:
INSERT INTO camera_results (
            record_id, camera_code, camera_name, status, quality_score,
            screenshot_path, error_message, sync_version
        ) VALUES (
            ?, ?, ?, ?, ?,
            ?, ?, ?
        ) [23502-224]
; NULL not allowed for column "SYNC_VERSION"; SQL statement:
INSERT INTO camera_results (
            record_id, camera_code, camera_name, status, quality_score,
            screenshot_path, error_message, sync_version
        ) VALUES (
            ?, ?, ?, ?, ?,
            ?, ?, ?
        ) [23502-224]
	at org.springframework.jdbc.support.SQLErrorCodeSQLExceptionTranslator.doTranslate(SQLErrorCodeSQLExceptionTranslator.java:258)
	at org.springframework.jdbc.support.AbstractFallbackSQLExceptionTranslator.translate(AbstractFallbackSQLExceptionTranslator.java:107)
	at org.mybatis.spring.MyBatisExceptionTranslator.translateExceptionIfPossible(MyBatisExceptionTranslator.java:92)
	at org.mybatis.spring.SqlSessionTemplate$SqlSessionInterceptor.invoke(SqlSessionTemplate.java:439)
	at jdk.proxy2/jdk.proxy2.$Proxy58.insert(Unknown Source)
	at org.mybatis.spring.SqlSessionTemplate.insert(SqlSessionTemplate.java:272)
	at org.apache.ibatis.binding.MapperMethod.execute(MapperMethod.java:62)
	at org.apache.ibatis.binding.MapperProxy$PlainMethodInvoker.invoke(MapperProxy.java:141)
	at org.apache.ibatis.binding.MapperProxy.invoke(MapperProxy.java:86)
	at jdk.proxy2/jdk.proxy2.$Proxy114.insert(Unknown Source)
	at com.enviro.brain.mapper.CameraResultMapperTest.insert_shouldGenerateId(CameraResultMapperTest.java:33)
	at java.base/java.lang.reflect.Method.invoke(Method.java:568)
	at java.base/java.util.ArrayList.forEach(ArrayList.java:1511)
	at java.base/java.util.ArrayList.forEach(ArrayList.java:1511)
Caused by: org.h2.jdbc.JdbcSQLIntegrityConstraintViolationException: NULL not allowed for column "SYNC_VERSION"; SQL statement:
INSERT INTO camera_results (
            record_id, camera_code, camera_name, status, quality_score,
            screenshot_path, error_message, sync_version
        ) VALUES (
            ?, ?, ?, ?, ?,
            ?, ?, ?
        ) [23502-224]
	at org.h2.message.DbException.getJdbcSQLException(DbException.java:520)
	at org.h2.message.DbException.getJdbcSQLException(DbException.java:489)
	at org.h2.message.DbException.get(DbException.java:223)
	at org.h2.message.DbException.get(DbException.java:199)
	at org.h2.table.Column.validateConvertUpdateSequence(Column.java:365)
	at org.h2.table.Table.convertInsertRow(Table.java:936)
	at org.h2.command.dml.Insert.insertRows(Insert.java:167)
	at org.h2.command.dml.Insert.update(Insert.java:135)
	at org.h2.command.CommandContainer.executeUpdateWithGeneratedKeys(CommandContainer.java:242)
	at org.h2.command.CommandContainer.update(CommandContainer.java:163)
	at org.h2.command.Command.executeUpdate(Command.java:256)
	at org.h2.jdbc.JdbcPreparedStatement.execute(JdbcPreparedStatement.java:265)
	at java.base/jdk.internal.reflect.NativeMethodAccessorImpl.invoke0(Native Method)
	at java.base/jdk.internal.reflect.NativeMethodAccessorImpl.invoke(NativeMethodAccessorImpl.java:77)
	at java.base/jdk.internal.reflect.DelegatingMethodAccessorImpl.invoke(DelegatingMethodAccessorImpl.java:43)
	at java.base/java.lang.reflect.Method.invoke(Method.java:568)
	at org.apache.ibatis.logging.jdbc.PreparedStatementLogger.invoke(PreparedStatementLogger.java:58)
	at jdk.proxy3/jdk.proxy3.$Proxy119.execute(Unknown Source)
	at org.apache.ibatis.executor.statement.PreparedStatementHandler.update(PreparedStatementHandler.java:48)
	at org.apache.ibatis.executor.statement.RoutingStatementHandler.update(RoutingStatementHandler.java:75)
	at org.apache.ibatis.executor.SimpleExecutor.doUpdate(SimpleExecutor.java:50)
	at org.apache.ibatis.executor.BaseExecutor.update(BaseExecutor.java:117)
	at org.apache.ibatis.executor.CachingExecutor.update(CachingExecutor.java:76)
	at org.apache.ibatis.session.defaults.DefaultSqlSession.update(DefaultSqlSession.java:197)
	at org.apache.ibatis.session.defaults.DefaultSqlSession.insert(DefaultSqlSession.java:184)
	at java.base/jdk.internal.reflect.NativeMethodAccessorImpl.invoke0(Native Method)
	at java.base/jdk.internal.reflect.NativeMethodAccessorImpl.invoke(NativeMethodAccessorImpl.java:77)
	at java.base/jdk.internal.reflect.DelegatingMethodAccessorImpl.invoke(DelegatingMethodAccessorImpl.java:43)
	at java.base/java.lang.reflect.Method.invoke(Method.java:568)
	at org.mybatis.spring.SqlSessionTemplate$SqlSessionInterceptor.invoke(SqlSessionTemplate.java:425)
	... 10 more

[ERROR] com.enviro.brain.mapper.CameraResultMapperTest.findByRecordId_shouldReturnResults -- Time elapsed: 0.005 s <<< ERROR!
org.springframework.dao.DataIntegrityViolationException: 

### Error updating database.  Cause: org.h2.jdbc.JdbcSQLIntegrityConstraintViolationException: NULL not allowed for column "SYNC_VERSION"; SQL statement:
INSERT INTO camera_results (
            record_id, camera_code, camera_name, status, quality_score,
            screenshot_path, error_message, sync_version
        ) VALUES (
            ?, ?, ?, ?, ?,
            ?, ?, ?
        ) [23502-224]
### The error may exist in file [D:\gkproject\camera-inspection3.0\enviro-brain\target\classes\mapper\CameraResultMapper.xml]
### The error may involve com.enviro.brain.mapper.CameraResultMapper.insert-Inline
### The error occurred while setting parameters
### SQL: INSERT INTO camera_results (             record_id, camera_code, camera_name, status, quality_score,             screenshot_path, error_message, sync_version         ) VALUES (             ?, ?, ?, ?, ?,             ?, ?, ?         )
### Cause: org.h2.jdbc.JdbcSQLIntegrityConstraintViolationException: NULL not allowed for column "SYNC_VERSION"; SQL statement:
INSERT INTO camera_results (
            record_id, camera_code, camera_name, status, quality_score,
            screenshot_path, error_message, sync_version
        ) VALUES (
            ?, ?, ?, ?, ?,
            ?, ?, ?
        ) [23502-224]
; NULL not allowed for column "SYNC_VERSION"; SQL statement:
INSERT INTO camera_results (
            record_id, camera_code, camera_name, status, quality_score,
            screenshot_path, error_message, sync_version
        ) VALUES (
            ?, ?, ?, ?, ?,
            ?, ?, ?
        ) [23502-224]
	at org.springframework.jdbc.support.SQLErrorCodeSQLExceptionTranslator.doTranslate(SQLErrorCodeSQLExceptionTranslator.java:258)
	at org.springframework.jdbc.support.AbstractFallbackSQLExceptionTranslator.translate(AbstractFallbackSQLExceptionTranslator.java:107)
	at org.mybatis.spring.MyBatisExceptionTranslator.translateExceptionIfPossible(MyBatisExceptionTranslator.java:92)
	at org.mybatis.spring.SqlSessionTemplate$SqlSessionInterceptor.invoke(SqlSessionTemplate.java:439)
	at jdk.proxy2/jdk.proxy2.$Proxy58.insert(Unknown Source)
	at org.mybatis.spring.SqlSessionTemplate.insert(SqlSessionTemplate.java:272)
	at org.apache.ibatis.binding.MapperMethod.execute(MapperMethod.java:62)
	at org.apache.ibatis.binding.MapperProxy$PlainMethodInvoker.invoke(MapperProxy.java:141)
	at org.apache.ibatis.binding.MapperProxy.invoke(MapperProxy.java:86)
	at jdk.proxy2/jdk.proxy2.$Proxy114.insert(Unknown Source)
	at com.enviro.brain.mapper.CameraResultMapperTest.findByRecordId_shouldReturnResults(CameraResultMapperTest.java:64)
	at java.base/java.lang.reflect.Method.invoke(Method.java:568)
	at java.base/java.util.ArrayList.forEach(ArrayList.java:1511)
	at java.base/java.util.ArrayList.forEach(ArrayList.java:1511)
Caused by: org.h2.jdbc.JdbcSQLIntegrityConstraintViolationException: NULL not allowed for column "SYNC_VERSION"; SQL statement:
INSERT INTO camera_results (
            record_id, camera_code, camera_name, status, quality_score,
            screenshot_path, error_message, sync_version
        ) VALUES (
            ?, ?, ?, ?, ?,
            ?, ?, ?
        ) [23502-224]
	at org.h2.message.DbException.getJdbcSQLException(DbException.java:520)
	at org.h2.message.DbException.getJdbcSQLException(DbException.java:489)
	at org.h2.message.DbException.get(DbException.java:223)
	at org.h2.message.DbException.get(DbException.java:199)
	at org.h2.table.Column.validateConvertUpdateSequence(Column.java:365)
	at org.h2.table.Table.convertInsertRow(Table.java:936)
	at org.h2.command.dml.Insert.insertRows(Insert.java:167)
	at org.h2.command.dml.Insert.update(Insert.java:135)
	at org.h2.command.CommandContainer.executeUpdateWithGeneratedKeys(CommandContainer.java:242)
	at org.h2.command.CommandContainer.update(CommandContainer.java:163)
	at org.h2.command.Command.executeUpdate(Command.java:256)
	at org.h2.jdbc.JdbcPreparedStatement.execute(JdbcPreparedStatement.java:265)
	at jdk.internal.reflect.GeneratedMethodAccessor16.invoke(Unknown Source)
	at java.base/jdk.internal.reflect.DelegatingMethodAccessorImpl.invoke(DelegatingMethodAccessorImpl.java:43)
	at java.base/java.lang.reflect.Method.invoke(Method.java:568)
	at org.apache.ibatis.logging.jdbc.PreparedStatementLogger.invoke(PreparedStatementLogger.java:58)
	at jdk.proxy3/jdk.proxy3.$Proxy119.execute(Unknown Source)
	at org.apache.ibatis.executor.statement.PreparedStatementHandler.update(PreparedStatementHandler.java:48)
	at org.apache.ibatis.executor.statement.RoutingStatementHandler.update(RoutingStatementHandler.java:75)
	at org.apache.ibatis.executor.SimpleExecutor.doUpdate(SimpleExecutor.java:50)
	at org.apache.ibatis.executor.BaseExecutor.update(BaseExecutor.java:117)
	at org.apache.ibatis.executor.CachingExecutor.update(CachingExecutor.java:76)
	at org.apache.ibatis.session.defaults.DefaultSqlSession.update(DefaultSqlSession.java:197)
	at org.apache.ibatis.session.defaults.DefaultSqlSession.insert(DefaultSqlSession.java:184)
	at java.base/jdk.internal.reflect.NativeMethodAccessorImpl.invoke0(Native Method)
	at java.base/jdk.internal.reflect.NativeMethodAccessorImpl.invoke(NativeMethodAccessorImpl.java:77)
	at java.base/jdk.internal.reflect.DelegatingMethodAccessorImpl.invoke(DelegatingMethodAccessorImpl.java:43)
	at java.base/java.lang.reflect.Method.invoke(Method.java:568)
	at org.mybatis.spring.SqlSessionTemplate$SqlSessionInterceptor.invoke(SqlSessionTemplate.java:425)
	... 10 more

[ERROR] com.enviro.brain.mapper.CameraResultMapperTest.findAll_shouldReturnAllResults -- Time elapsed: 0.006 s <<< ERROR!
org.springframework.dao.DataIntegrityViolationException: 

### Error updating database.  Cause: org.h2.jdbc.JdbcSQLIntegrityConstraintViolationException: NULL not allowed for column "SYNC_VERSION"; SQL statement:
INSERT INTO camera_results (
            record_id, camera_code, camera_name, status, quality_score,
            screenshot_path, error_message, sync_version
        ) VALUES (
            ?, ?, ?, ?, ?,
            ?, ?, ?
        ) [23502-224]
### The error may exist in file [D:\gkproject\camera-inspection3.0\enviro-brain\target\classes\mapper\CameraResultMapper.xml]
### The error may involve com.enviro.brain.mapper.CameraResultMapper.insert-Inline
### The error occurred while setting parameters
### SQL: INSERT INTO camera_results (             record_id, camera_code, camera_name, status, quality_score,             screenshot_path, error_message, sync_version         ) VALUES (             ?, ?, ?, ?, ?,             ?, ?, ?         )
### Cause: org.h2.jdbc.JdbcSQLIntegrityConstraintViolationException: NULL not allowed for column "SYNC_VERSION"; SQL statement:
INSERT INTO camera_results (
            record_id, camera_code, camera_name, status, quality_score,
            screenshot_path, error_message, sync_version
        ) VALUES (
            ?, ?, ?, ?, ?,
            ?, ?, ?
        ) [23502-224]
; NULL not allowed for column "SYNC_VERSION"; SQL statement:
INSERT INTO camera_results (
            record_id, camera_code, camera_name, status, quality_score,
            screenshot_path, error_message, sync_version
        ) VALUES (
            ?, ?, ?, ?, ?,
            ?, ?, ?
        ) [23502-224]
	at org.springframework.jdbc.support.SQLErrorCodeSQLExceptionTranslator.doTranslate(SQLErrorCodeSQLExceptionTranslator.java:258)
	at org.springframework.jdbc.support.AbstractFallbackSQLExceptionTranslator.translate(AbstractFallbackSQLExceptionTranslator.java:107)
	at org.mybatis.spring.MyBatisExceptionTranslator.translateExceptionIfPossible(MyBatisExceptionTranslator.java:92)
	at org.mybatis.spring.SqlSessionTemplate$SqlSessionInterceptor.invoke(SqlSessionTemplate.java:439)
	at jdk.proxy2/jdk.proxy2.$Proxy58.insert(Unknown Source)
	at org.mybatis.spring.SqlSessionTemplate.insert(SqlSessionTemplate.java:272)
	at org.apache.ibatis.binding.MapperMethod.execute(MapperMethod.java:62)
	at org.apache.ibatis.binding.MapperProxy$PlainMethodInvoker.invoke(MapperProxy.java:141)
	at org.apache.ibatis.binding.MapperProxy.invoke(MapperProxy.java:86)
	at jdk.proxy2/jdk.proxy2.$Proxy114.insert(Unknown Source)
	at com.enviro.brain.mapper.CameraResultMapperTest.findAll_shouldReturnAllResults(CameraResultMapperTest.java:93)
	at java.base/java.lang.reflect.Method.invoke(Method.java:568)
	at java.base/java.util.ArrayList.forEach(ArrayList.java:1511)
	at java.base/java.util.ArrayList.forEach(ArrayList.java:1511)
Caused by: org.h2.jdbc.JdbcSQLIntegrityConstraintViolationException: NULL not allowed for column "SYNC_VERSION"; SQL statement:
INSERT INTO camera_results (
            record_id, camera_code, camera_name, status, quality_score,
            screenshot_path, error_message, sync_version
        ) VALUES (
            ?, ?, ?, ?, ?,
            ?, ?, ?
        ) [23502-224]
	at org.h2.message.DbException.getJdbcSQLException(DbException.java:520)
	at org.h2.message.DbException.getJdbcSQLException(DbException.java:489)
	at org.h2.message.DbException.get(DbException.java:223)
	at org.h2.message.DbException.get(DbException.java:199)
	at org.h2.table.Column.validateConvertUpdateSequence(Column.java:365)
	at org.h2.table.Table.convertInsertRow(Table.java:936)
	at org.h2.command.dml.Insert.insertRows(Insert.java:167)
	at org.h2.command.dml.Insert.update(Insert.java:135)
	at org.h2.command.CommandContainer.executeUpdateWithGeneratedKeys(CommandContainer.java:242)
	at org.h2.command.CommandContainer.update(CommandContainer.java:163)
	at org.h2.command.Command.executeUpdate(Command.java:256)
	at org.h2.jdbc.JdbcPreparedStatement.execute(JdbcPreparedStatement.java:265)
	at jdk.internal.reflect.GeneratedMethodAccessor16.invoke(Unknown Source)
	at java.base/jdk.internal.reflect.DelegatingMethodAccessorImpl.invoke(DelegatingMethodAccessorImpl.java:43)
	at java.base/java.lang.reflect.Method.invoke(Method.java:568)
	at org.apache.ibatis.logging.jdbc.PreparedStatementLogger.invoke(PreparedStatementLogger.java:58)
	at jdk.proxy3/jdk.proxy3.$Proxy119.execute(Unknown Source)
	at org.apache.ibatis.executor.statement.PreparedStatementHandler.update(PreparedStatementHandler.java:48)
	at org.apache.ibatis.executor.statement.RoutingStatementHandler.update(RoutingStatementHandler.java:75)
	at org.apache.ibatis.executor.SimpleExecutor.doUpdate(SimpleExecutor.java:50)
	at org.apache.ibatis.executor.BaseExecutor.update(BaseExecutor.java:117)
	at org.apache.ibatis.executor.CachingExecutor.update(CachingExecutor.java:76)
	at org.apache.ibatis.session.defaults.DefaultSqlSession.update(DefaultSqlSession.java:197)
	at org.apache.ibatis.session.defaults.DefaultSqlSession.insert(DefaultSqlSession.java:184)
	at java.base/jdk.internal.reflect.NativeMethodAccessorImpl.invoke0(Native Method)
	at java.base/jdk.internal.reflect.NativeMethodAccessorImpl.invoke(NativeMethodAccessorImpl.java:77)
	at java.base/jdk.internal.reflect.DelegatingMethodAccessorImpl.invoke(DelegatingMethodAccessorImpl.java:43)
	at java.base/java.lang.reflect.Method.invoke(Method.java:568)
	at org.mybatis.spring.SqlSessionTemplate$SqlSessionInterceptor.invoke(SqlSessionTemplate.java:425)
	... 10 more

[INFO] Running com.enviro.brain.mapper.InspectionRecordMapperTest
2026-07-06T11:47:50.281+08:00  INFO 24452 --- [           main] t.c.s.AnnotationConfigContextLoaderUtils : Could not detect default configuration classes for test class [com.enviro.brain.mapper.InspectionRecordMapperTest]: InspectionRecordMapperTest does not declare any static, non-private, non-final, nested classes annotated with @Configuration.
2026-07-06T11:47:50.288+08:00  INFO 24452 --- [           main] .b.t.c.SpringBootTestContextBootstrapper : Found @SpringBootConfiguration com.enviro.brain.EnviroBrainApplication for test class com.enviro.brain.mapper.InspectionRecordMapperTest
Creating a new SqlSession
Registering transaction synchronization for SqlSession [org.apache.ibatis.session.defaults.DefaultSqlSession@5a6195b8]
JDBC Connection [conn15: url=jdbc:h2:mem:07b658e7-a89b-4dac-bd01-11b076dedbf8 user=SA] will be managed by Spring
==>  Preparing: INSERT INTO inspection_records ( batch_id, inspection_date, total_cameras, online_count, offline_count, abnormal_count, status, sync_version ) VALUES ( ?, ?, ?, ?, ?, ?, ?, ? )
==> Parameters: BATCH-002(String), 2026-07-06(LocalDate), 5(Integer), 4(Integer), 1(Integer), 0(Integer), COMPLETED(String), null
Releasing transactional SqlSession [org.apache.ibatis.session.defaults.DefaultSqlSession@5a6195b8]
Transaction synchronization deregistering SqlSession [org.apache.ibatis.session.defaults.DefaultSqlSession@5a6195b8]
Transaction synchronization closing SqlSession [org.apache.ibatis.session.defaults.DefaultSqlSession@5a6195b8]
Creating a new SqlSession
Registering transaction synchronization for SqlSession [org.apache.ibatis.session.defaults.DefaultSqlSession@59d5c537]
JDBC Connection [conn16: url=jdbc:h2:mem:07b658e7-a89b-4dac-bd01-11b076dedbf8 user=SA] will be managed by Spring
==>  Preparing: INSERT INTO inspection_records ( batch_id, inspection_date, total_cameras, online_count, offline_count, abnormal_count, status, sync_version ) VALUES ( ?, ?, ?, ?, ?, ?, ?, ? )
==> Parameters: BATCH-001(String), 2026-07-06(LocalDate), 10(Integer), 8(Integer), 2(Integer), 0(Integer), COMPLETED(String), null
Releasing transactional SqlSession [org.apache.ibatis.session.defaults.DefaultSqlSession@59d5c537]
Transaction synchronization deregistering SqlSession [org.apache.ibatis.session.defaults.DefaultSqlSession@59d5c537]
Transaction synchronization closing SqlSession [org.apache.ibatis.session.defaults.DefaultSqlSession@59d5c537]
Creating a new SqlSession
Registering transaction synchronization for SqlSession [org.apache.ibatis.session.defaults.DefaultSqlSession@13c90c06]
JDBC Connection [conn17: url=jdbc:h2:mem:07b658e7-a89b-4dac-bd01-11b076dedbf8 user=SA] will be managed by Spring
==>  Preparing: INSERT INTO inspection_records ( batch_id, inspection_date, total_cameras, online_count, offline_count, abnormal_count, status, sync_version ) VALUES ( ?, ?, ?, ?, ?, ?, ?, ? )
==> Parameters: BATCH-OLD(String), 2026-07-06(LocalDate), 1(Integer), 1(Integer), 0(Integer), 0(Integer), COMPLETED(String), 0(Long)
<==    Updates: 1
Releasing transactional SqlSession [org.apache.ibatis.session.defaults.DefaultSqlSession@13c90c06]
Fetched SqlSession [org.apache.ibatis.session.defaults.DefaultSqlSession@13c90c06] from current transaction
==>  Preparing: SELECT * FROM inspection_records WHERE sync_version > ? ORDER BY sync_version ASC LIMIT ?
==> Parameters: 0(Long), 10(Integer)
<==      Total: 0
Releasing transactional SqlSession [org.apache.ibatis.session.defaults.DefaultSqlSession@13c90c06]
Transaction synchronization deregistering SqlSession [org.apache.ibatis.session.defaults.DefaultSqlSession@13c90c06]
Transaction synchronization closing SqlSession [org.apache.ibatis.session.defaults.DefaultSqlSession@13c90c06]
Creating a new SqlSession
Registering transaction synchronization for SqlSession [org.apache.ibatis.session.defaults.DefaultSqlSession@6463da36]
JDBC Connection [conn18: url=jdbc:h2:mem:07b658e7-a89b-4dac-bd01-11b076dedbf8 user=SA] will be managed by Spring
==>  Preparing: INSERT INTO inspection_records ( batch_id, inspection_date, total_cameras, online_count, offline_count, abnormal_count, status, sync_version ) VALUES ( ?, ?, ?, ?, ?, ?, ?, ? )
==> Parameters: BATCH-ALL-1(String), 2026-07-06(LocalDate), 1(Integer), 1(Integer), 0(Integer), 0(Integer), COMPLETED(String), null
Releasing transactional SqlSession [org.apache.ibatis.session.defaults.DefaultSqlSession@6463da36]
Transaction synchronization deregistering SqlSession [org.apache.ibatis.session.defaults.DefaultSqlSession@6463da36]
Transaction synchronization closing SqlSession [org.apache.ibatis.session.defaults.DefaultSqlSession@6463da36]
Creating a new SqlSession
Registering transaction synchronization for SqlSession [org.apache.ibatis.session.defaults.DefaultSqlSession@405d8a80]
JDBC Connection [conn19: url=jdbc:h2:mem:07b658e7-a89b-4dac-bd01-11b076dedbf8 user=SA] will be managed by Spring
==>  Preparing: INSERT INTO inspection_records ( batch_id, inspection_date, total_cameras, online_count, offline_count, abnormal_count, status, sync_version ) VALUES ( ?, ?, ?, ?, ?, ?, ?, ? )
==> Parameters: BATCH-003(String), 2026-07-06(LocalDate), 3(Integer), 2(Integer), 1(Integer), 0(Integer), COMPLETED(String), null
Releasing transactional SqlSession [org.apache.ibatis.session.defaults.DefaultSqlSession@405d8a80]
Transaction synchronization deregistering SqlSession [org.apache.ibatis.session.defaults.DefaultSqlSession@405d8a80]
Transaction synchronization closing SqlSession [org.apache.ibatis.session.defaults.DefaultSqlSession@405d8a80]
[ERROR] Tests run: 5, Failures: 0, Errors: 4, Skipped: 0, Time elapsed: 0.052 s <<< FAILURE! -- in com.enviro.brain.mapper.InspectionRecordMapperTest
[ERROR] com.enviro.brain.mapper.InspectionRecordMapperTest.findById_shouldReturnRecord -- Time elapsed: 0.007 s <<< ERROR!
org.springframework.dao.DataIntegrityViolationException: 

### Error updating database.  Cause: org.h2.jdbc.JdbcSQLIntegrityConstraintViolationException: NULL not allowed for column "SYNC_VERSION"; SQL statement:
INSERT INTO inspection_records (
            batch_id, inspection_date, total_cameras, online_count,
            offline_count, abnormal_count, status, sync_version
        ) VALUES (
            ?, ?, ?, ?,
            ?, ?, ?, ?
        ) [23502-224]
### The error may exist in file [D:\gkproject\camera-inspection3.0\enviro-brain\target\classes\mapper\InspectionRecordMapper.xml]
### The error may involve com.enviro.brain.mapper.InspectionRecordMapper.insert-Inline
### The error occurred while setting parameters
### SQL: INSERT INTO inspection_records (             batch_id, inspection_date, total_cameras, online_count,             offline_count, abnormal_count, status, sync_version         ) VALUES (             ?, ?, ?, ?,             ?, ?, ?, ?         )
### Cause: org.h2.jdbc.JdbcSQLIntegrityConstraintViolationException: NULL not allowed for column "SYNC_VERSION"; SQL statement:
INSERT INTO inspection_records (
            batch_id, inspection_date, total_cameras, online_count,
            offline_count, abnormal_count, status, sync_version
        ) VALUES (
            ?, ?, ?, ?,
            ?, ?, ?, ?
        ) [23502-224]
; NULL not allowed for column "SYNC_VERSION"; SQL statement:
INSERT INTO inspection_records (
            batch_id, inspection_date, total_cameras, online_count,
            offline_count, abnormal_count, status, sync_version
        ) VALUES (
            ?, ?, ?, ?,
            ?, ?, ?, ?
        ) [23502-224]
	at org.springframework.jdbc.support.SQLErrorCodeSQLExceptionTranslator.doTranslate(SQLErrorCodeSQLExceptionTranslator.java:258)
	at org.springframework.jdbc.support.AbstractFallbackSQLExceptionTranslator.translate(AbstractFallbackSQLExceptionTranslator.java:107)
	at org.mybatis.spring.MyBatisExceptionTranslator.translateExceptionIfPossible(MyBatisExceptionTranslator.java:92)
	at org.mybatis.spring.SqlSessionTemplate$SqlSessionInterceptor.invoke(SqlSessionTemplate.java:439)
	at jdk.proxy2/jdk.proxy2.$Proxy58.insert(Unknown Source)
	at org.mybatis.spring.SqlSessionTemplate.insert(SqlSessionTemplate.java:272)
	at org.apache.ibatis.binding.MapperMethod.execute(MapperMethod.java:62)
	at org.apache.ibatis.binding.MapperProxy$PlainMethodInvoker.invoke(MapperProxy.java:141)
	at org.apache.ibatis.binding.MapperProxy.invoke(MapperProxy.java:86)
	at jdk.proxy2/jdk.proxy2.$Proxy115.insert(Unknown Source)
	at com.enviro.brain.mapper.InspectionRecordMapperTest.findById_shouldReturnRecord(InspectionRecordMapperTest.java:48)
	at java.base/java.lang.reflect.Method.invoke(Method.java:568)
	at java.base/java.util.ArrayList.forEach(ArrayList.java:1511)
	at java.base/java.util.ArrayList.forEach(ArrayList.java:1511)
Caused by: org.h2.jdbc.JdbcSQLIntegrityConstraintViolationException: NULL not allowed for column "SYNC_VERSION"; SQL statement:
INSERT INTO inspection_records (
            batch_id, inspection_date, total_cameras, online_count,
            offline_count, abnormal_count, status, sync_version
        ) VALUES (
            ?, ?, ?, ?,
            ?, ?, ?, ?
        ) [23502-224]
	at org.h2.message.DbException.getJdbcSQLException(DbException.java:520)
	at org.h2.message.DbException.getJdbcSQLException(DbException.java:489)
	at org.h2.message.DbException.get(DbException.java:223)
	at org.h2.message.DbException.get(DbException.java:199)
	at org.h2.table.Column.validateConvertUpdateSequence(Column.java:365)
	at org.h2.table.Table.convertInsertRow(Table.java:936)
	at org.h2.command.dml.Insert.insertRows(Insert.java:167)
	at org.h2.command.dml.Insert.update(Insert.java:135)
	at org.h2.command.CommandContainer.executeUpdateWithGeneratedKeys(CommandContainer.java:242)
	at org.h2.command.CommandContainer.update(CommandContainer.java:163)
	at org.h2.command.Command.executeUpdate(Command.java:256)
	at org.h2.jdbc.JdbcPreparedStatement.execute(JdbcPreparedStatement.java:265)
	at jdk.internal.reflect.GeneratedMethodAccessor16.invoke(Unknown Source)
	at java.base/jdk.internal.reflect.DelegatingMethodAccessorImpl.invoke(DelegatingMethodAccessorImpl.java:43)
	at java.base/java.lang.reflect.Method.invoke(Method.java:568)
	at org.apache.ibatis.logging.jdbc.PreparedStatementLogger.invoke(PreparedStatementLogger.java:58)
	at jdk.proxy3/jdk.proxy3.$Proxy119.execute(Unknown Source)
	at org.apache.ibatis.executor.statement.PreparedStatementHandler.update(PreparedStatementHandler.java:48)
	at org.apache.ibatis.executor.statement.RoutingStatementHandler.update(RoutingStatementHandler.java:75)
	at org.apache.ibatis.executor.SimpleExecutor.doUpdate(SimpleExecutor.java:50)
	at org.apache.ibatis.executor.BaseExecutor.update(BaseExecutor.java:117)
	at org.apache.ibatis.executor.CachingExecutor.update(CachingExecutor.java:76)
	at org.apache.ibatis.session.defaults.DefaultSqlSession.update(DefaultSqlSession.java:197)
	at org.apache.ibatis.session.defaults.DefaultSqlSession.insert(DefaultSqlSession.java:184)
	at java.base/jdk.internal.reflect.NativeMethodAccessorImpl.invoke0(Native Method)
	at java.base/jdk.internal.reflect.NativeMethodAccessorImpl.invoke(NativeMethodAccessorImpl.java:77)
	at java.base/jdk.internal.reflect.DelegatingMethodAccessorImpl.invoke(DelegatingMethodAccessorImpl.java:43)
	at java.base/java.lang.reflect.Method.invoke(Method.java:568)
	at org.mybatis.spring.SqlSessionTemplate$SqlSessionInterceptor.invoke(SqlSessionTemplate.java:425)
	... 10 more

[ERROR] com.enviro.brain.mapper.InspectionRecordMapperTest.insert_shouldGenerateId -- Time elapsed: 0.006 s <<< ERROR!
org.springframework.dao.DataIntegrityViolationException: 

### Error updating database.  Cause: org.h2.jdbc.JdbcSQLIntegrityConstraintViolationException: NULL not allowed for column "SYNC_VERSION"; SQL statement:
INSERT INTO inspection_records (
            batch_id, inspection_date, total_cameras, online_count,
            offline_count, abnormal_count, status, sync_version
        ) VALUES (
            ?, ?, ?, ?,
            ?, ?, ?, ?
        ) [23502-224]
### The error may exist in file [D:\gkproject\camera-inspection3.0\enviro-brain\target\classes\mapper\InspectionRecordMapper.xml]
### The error may involve com.enviro.brain.mapper.InspectionRecordMapper.insert-Inline
### The error occurred while setting parameters
### SQL: INSERT INTO inspection_records (             batch_id, inspection_date, total_cameras, online_count,             offline_count, abnormal_count, status, sync_version         ) VALUES (             ?, ?, ?, ?,             ?, ?, ?, ?         )
### Cause: org.h2.jdbc.JdbcSQLIntegrityConstraintViolationException: NULL not allowed for column "SYNC_VERSION"; SQL statement:
INSERT INTO inspection_records (
            batch_id, inspection_date, total_cameras, online_count,
            offline_count, abnormal_count, status, sync_version
        ) VALUES (
            ?, ?, ?, ?,
            ?, ?, ?, ?
        ) [23502-224]
; NULL not allowed for column "SYNC_VERSION"; SQL statement:
INSERT INTO inspection_records (
            batch_id, inspection_date, total_cameras, online_count,
            offline_count, abnormal_count, status, sync_version
        ) VALUES (
            ?, ?, ?, ?,
            ?, ?, ?, ?
        ) [23502-224]
	at org.springframework.jdbc.support.SQLErrorCodeSQLExceptionTranslator.doTranslate(SQLErrorCodeSQLExceptionTranslator.java:258)
	at org.springframework.jdbc.support.AbstractFallbackSQLExceptionTranslator.translate(AbstractFallbackSQLExceptionTranslator.java:107)
	at org.mybatis.spring.MyBatisExceptionTranslator.translateExceptionIfPossible(MyBatisExceptionTranslator.java:92)
	at org.mybatis.spring.SqlSessionTemplate$SqlSessionInterceptor.invoke(SqlSessionTemplate.java:439)
	at jdk.proxy2/jdk.proxy2.$Proxy58.insert(Unknown Source)
	at org.mybatis.spring.SqlSessionTemplate.insert(SqlSessionTemplate.java:272)
	at org.apache.ibatis.binding.MapperMethod.execute(MapperMethod.java:62)
	at org.apache.ibatis.binding.MapperProxy$PlainMethodInvoker.invoke(MapperProxy.java:141)
	at org.apache.ibatis.binding.MapperProxy.invoke(MapperProxy.java:86)
	at jdk.proxy2/jdk.proxy2.$Proxy115.insert(Unknown Source)
	at com.enviro.brain.mapper.InspectionRecordMapperTest.insert_shouldGenerateId(InspectionRecordMapperTest.java:32)
	at java.base/java.lang.reflect.Method.invoke(Method.java:568)
	at java.base/java.util.ArrayList.forEach(ArrayList.java:1511)
	at java.base/java.util.ArrayList.forEach(ArrayList.java:1511)
Caused by: org.h2.jdbc.JdbcSQLIntegrityConstraintViolationException: NULL not allowed for column "SYNC_VERSION"; SQL statement:
INSERT INTO inspection_records (
            batch_id, inspection_date, total_cameras, online_count,
            offline_count, abnormal_count, status, sync_version
        ) VALUES (
            ?, ?, ?, ?,
            ?, ?, ?, ?
        ) [23502-224]
	at org.h2.message.DbException.getJdbcSQLException(DbException.java:520)
	at org.h2.message.DbException.getJdbcSQLException(DbException.java:489)
	at org.h2.message.DbException.get(DbException.java:223)
	at org.h2.message.DbException.get(DbException.java:199)
	at org.h2.table.Column.validateConvertUpdateSequence(Column.java:365)
	at org.h2.table.Table.convertInsertRow(Table.java:936)
	at org.h2.command.dml.Insert.insertRows(Insert.java:167)
	at org.h2.command.dml.Insert.update(Insert.java:135)
	at org.h2.command.CommandContainer.executeUpdateWithGeneratedKeys(CommandContainer.java:242)
	at org.h2.command.CommandContainer.update(CommandContainer.java:163)
	at org.h2.command.Command.executeUpdate(Command.java:256)
	at org.h2.jdbc.JdbcPreparedStatement.execute(JdbcPreparedStatement.java:265)
	at jdk.internal.reflect.GeneratedMethodAccessor16.invoke(Unknown Source)
	at java.base/jdk.internal.reflect.DelegatingMethodAccessorImpl.invoke(DelegatingMethodAccessorImpl.java:43)
	at java.base/java.lang.reflect.Method.invoke(Method.java:568)
	at org.apache.ibatis.logging.jdbc.PreparedStatementLogger.invoke(PreparedStatementLogger.java:58)
	at jdk.proxy3/jdk.proxy3.$Proxy119.execute(Unknown Source)
	at org.apache.ibatis.executor.statement.PreparedStatementHandler.update(PreparedStatementHandler.java:48)
	at org.apache.ibatis.executor.statement.RoutingStatementHandler.update(RoutingStatementHandler.java:75)
	at org.apache.ibatis.executor.SimpleExecutor.doUpdate(SimpleExecutor.java:50)
	at org.apache.ibatis.executor.BaseExecutor.update(BaseExecutor.java:117)
	at org.apache.ibatis.executor.CachingExecutor.update(CachingExecutor.java:76)
	at org.apache.ibatis.session.defaults.DefaultSqlSession.update(DefaultSqlSession.java:197)
	at org.apache.ibatis.session.defaults.DefaultSqlSession.insert(DefaultSqlSession.java:184)
	at java.base/jdk.internal.reflect.NativeMethodAccessorImpl.invoke0(Native Method)
	at java.base/jdk.internal.reflect.NativeMethodAccessorImpl.invoke(NativeMethodAccessorImpl.java:77)
	at java.base/jdk.internal.reflect.DelegatingMethodAccessorImpl.invoke(DelegatingMethodAccessorImpl.java:43)
	at java.base/java.lang.reflect.Method.invoke(Method.java:568)
	at org.mybatis.spring.SqlSessionTemplate$SqlSessionInterceptor.invoke(SqlSessionTemplate.java:425)
	... 10 more

[ERROR] com.enviro.brain.mapper.InspectionRecordMapperTest.findAll_shouldReturnAllRecords -- Time elapsed: 0.004 s <<< ERROR!
org.springframework.dao.DataIntegrityViolationException: 

### Error updating database.  Cause: org.h2.jdbc.JdbcSQLIntegrityConstraintViolationException: NULL not allowed for column "SYNC_VERSION"; SQL statement:
INSERT INTO inspection_records (
            batch_id, inspection_date, total_cameras, online_count,
            offline_count, abnormal_count, status, sync_version
        ) VALUES (
            ?, ?, ?, ?,
            ?, ?, ?, ?
        ) [23502-224]
### The error may exist in file [D:\gkproject\camera-inspection3.0\enviro-brain\target\classes\mapper\InspectionRecordMapper.xml]
### The error may involve com.enviro.brain.mapper.InspectionRecordMapper.insert-Inline
### The error occurred while setting parameters
### SQL: INSERT INTO inspection_records (             batch_id, inspection_date, total_cameras, online_count,             offline_count, abnormal_count, status, sync_version         ) VALUES (             ?, ?, ?, ?,             ?, ?, ?, ?         )
### Cause: org.h2.jdbc.JdbcSQLIntegrityConstraintViolationException: NULL not allowed for column "SYNC_VERSION"; SQL statement:
INSERT INTO inspection_records (
            batch_id, inspection_date, total_cameras, online_count,
            offline_count, abnormal_count, status, sync_version
        ) VALUES (
            ?, ?, ?, ?,
            ?, ?, ?, ?
        ) [23502-224]
; NULL not allowed for column "SYNC_VERSION"; SQL statement:
INSERT INTO inspection_records (
            batch_id, inspection_date, total_cameras, online_count,
            offline_count, abnormal_count, status, sync_version
        ) VALUES (
            ?, ?, ?, ?,
            ?, ?, ?, ?
        ) [23502-224]
	at org.springframework.jdbc.support.SQLErrorCodeSQLExceptionTranslator.doTranslate(SQLErrorCodeSQLExceptionTranslator.java:258)
	at org.springframework.jdbc.support.AbstractFallbackSQLExceptionTranslator.translate(AbstractFallbackSQLExceptionTranslator.java:107)
	at org.mybatis.spring.MyBatisExceptionTranslator.translateExceptionIfPossible(MyBatisExceptionTranslator.java:92)
	at org.mybatis.spring.SqlSessionTemplate$SqlSessionInterceptor.invoke(SqlSessionTemplate.java:439)
	at jdk.proxy2/jdk.proxy2.$Proxy58.insert(Unknown Source)
	at org.mybatis.spring.SqlSessionTemplate.insert(SqlSessionTemplate.java:272)
	at org.apache.ibatis.binding.MapperMethod.execute(MapperMethod.java:62)
	at org.apache.ibatis.binding.MapperProxy$PlainMethodInvoker.invoke(MapperProxy.java:141)
	at org.apache.ibatis.binding.MapperProxy.invoke(MapperProxy.java:86)
	at jdk.proxy2/jdk.proxy2.$Proxy115.insert(Unknown Source)
	at com.enviro.brain.mapper.InspectionRecordMapperTest.findAll_shouldReturnAllRecords(InspectionRecordMapperTest.java:108)
	at java.base/java.lang.reflect.Method.invoke(Method.java:568)
	at java.base/java.util.ArrayList.forEach(ArrayList.java:1511)
	at java.base/java.util.ArrayList.forEach(ArrayList.java:1511)
Caused by: org.h2.jdbc.JdbcSQLIntegrityConstraintViolationException: NULL not allowed for column "SYNC_VERSION"; SQL statement:
INSERT INTO inspection_records (
            batch_id, inspection_date, total_cameras, online_count,
            offline_count, abnormal_count, status, sync_version
        ) VALUES (
            ?, ?, ?, ?,
            ?, ?, ?, ?
        ) [23502-224]
	at org.h2.message.DbException.getJdbcSQLException(DbException.java:520)
	at org.h2.message.DbException.getJdbcSQLException(DbException.java:489)
	at org.h2.message.DbException.get(DbException.java:223)
	at org.h2.message.DbException.get(DbException.java:199)
	at org.h2.table.Column.validateConvertUpdateSequence(Column.java:365)
	at org.h2.table.Table.convertInsertRow(Table.java:936)
	at org.h2.command.dml.Insert.insertRows(Insert.java:167)
	at org.h2.command.dml.Insert.update(Insert.java:135)
	at org.h2.command.CommandContainer.executeUpdateWithGeneratedKeys(CommandContainer.java:242)
	at org.h2.command.CommandContainer.update(CommandContainer.java:163)
	at org.h2.command.Command.executeUpdate(Command.java:256)
	at org.h2.jdbc.JdbcPreparedStatement.execute(JdbcPreparedStatement.java:265)
	at jdk.internal.reflect.GeneratedMethodAccessor16.invoke(Unknown Source)
	at java.base/jdk.internal.reflect.DelegatingMethodAccessorImpl.invoke(DelegatingMethodAccessorImpl.java:43)
	at java.base/java.lang.reflect.Method.invoke(Method.java:568)
	at org.apache.ibatis.logging.jdbc.PreparedStatementLogger.invoke(PreparedStatementLogger.java:58)
	at jdk.proxy3/jdk.proxy3.$Proxy119.execute(Unknown Source)
	at org.apache.ibatis.executor.statement.PreparedStatementHandler.update(PreparedStatementHandler.java:48)
	at org.apache.ibatis.executor.statement.RoutingStatementHandler.update(RoutingStatementHandler.java:75)
	at org.apache.ibatis.executor.SimpleExecutor.doUpdate(SimpleExecutor.java:50)
	at org.apache.ibatis.executor.BaseExecutor.update(BaseExecutor.java:117)
	at org.apache.ibatis.executor.CachingExecutor.update(CachingExecutor.java:76)
	at org.apache.ibatis.session.defaults.DefaultSqlSession.update(DefaultSqlSession.java:197)
	at org.apache.ibatis.session.defaults.DefaultSqlSession.insert(DefaultSqlSession.java:184)
	at java.base/jdk.internal.reflect.NativeMethodAccessorImpl.invoke0(Native Method)
	at java.base/jdk.internal.reflect.NativeMethodAccessorImpl.invoke(NativeMethodAccessorImpl.java:77)
	at java.base/jdk.internal.reflect.DelegatingMethodAccessorImpl.invoke(DelegatingMethodAccessorImpl.java:43)
	at java.base/java.lang.reflect.Method.invoke(Method.java:568)
	at org.mybatis.spring.SqlSessionTemplate$SqlSessionInterceptor.invoke(SqlSessionTemplate.java:425)
	... 10 more

[ERROR] com.enviro.brain.mapper.InspectionRecordMapperTest.findByBatchId_shouldReturnRecords -- Time elapsed: 0.009 s <<< ERROR!
org.springframework.dao.DataIntegrityViolationException: 

### Error updating database.  Cause: org.h2.jdbc.JdbcSQLIntegrityConstraintViolationException: NULL not allowed for column "SYNC_VERSION"; SQL statement:
INSERT INTO inspection_records (
            batch_id, inspection_date, total_cameras, online_count,
            offline_count, abnormal_count, status, sync_version
        ) VALUES (
            ?, ?, ?, ?,
            ?, ?, ?, ?
        ) [23502-224]
### The error may exist in file [D:\gkproject\camera-inspection3.0\enviro-brain\target\classes\mapper\InspectionRecordMapper.xml]
### The error may involve com.enviro.brain.mapper.InspectionRecordMapper.insert-Inline
### The error occurred while setting parameters
### SQL: INSERT INTO inspection_records (             batch_id, inspection_date, total_cameras, online_count,             offline_count, abnormal_count, status, sync_version         ) VALUES (             ?, ?, ?, ?,             ?, ?, ?, ?         )
### Cause: org.h2.jdbc.JdbcSQLIntegrityConstraintViolationException: NULL not allowed for column "SYNC_VERSION"; SQL statement:
INSERT INTO inspection_records (
            batch_id, inspection_date, total_cameras, online_count,
            offline_count, abnormal_count, status, sync_version
        ) VALUES (
            ?, ?, ?, ?,
            ?, ?, ?, ?
        ) [23502-224]
; NULL not allowed for column "SYNC_VERSION"; SQL statement:
INSERT INTO inspection_records (
            batch_id, inspection_date, total_cameras, online_count,
            offline_count, abnormal_count, status, sync_version
        ) VALUES (
            ?, ?, ?, ?,
            ?, ?, ?, ?
        ) [23502-224]
	at org.springframework.jdbc.support.SQLErrorCodeSQLExceptionTranslator.doTranslate(SQLErrorCodeSQLExceptionTranslator.java:258)
	at org.springframework.jdbc.support.AbstractFallbackSQLExceptionTranslator.translate(AbstractFallbackSQLExceptionTranslator.java:107)
	at org.mybatis.spring.MyBatisExceptionTranslator.translateExceptionIfPossible(MyBatisExceptionTranslator.java:92)
	at org.mybatis.spring.SqlSessionTemplate$SqlSessionInterceptor.invoke(SqlSessionTemplate.java:439)
	at jdk.proxy2/jdk.proxy2.$Proxy58.insert(Unknown Source)
	at org.mybatis.spring.SqlSessionTemplate.insert(SqlSessionTemplate.java:272)
	at org.apache.ibatis.binding.MapperMethod.execute(MapperMethod.java:62)
	at org.apache.ibatis.binding.MapperProxy$PlainMethodInvoker.invoke(MapperProxy.java:141)
	at org.apache.ibatis.binding.MapperProxy.invoke(MapperProxy.java:86)
	at jdk.proxy2/jdk.proxy2.$Proxy115.insert(Unknown Source)
	at com.enviro.brain.mapper.InspectionRecordMapperTest.findByBatchId_shouldReturnRecords(InspectionRecordMapperTest.java:67)
	at java.base/java.lang.reflect.Method.invoke(Method.java:568)
	at java.base/java.util.ArrayList.forEach(ArrayList.java:1511)
	at java.base/java.util.ArrayList.forEach(ArrayList.java:1511)
Caused by: org.h2.jdbc.JdbcSQLIntegrityConstraintViolationException: NULL not allowed for column "SYNC_VERSION"; SQL statement:
INSERT INTO inspection_records (
            batch_id, inspection_date, total_cameras, online_count,
            offline_count, abnormal_count, status, sync_version
        ) VALUES (
            ?, ?, ?, ?,
            ?, ?, ?, ?
        ) [23502-224]
	at org.h2.message.DbException.getJdbcSQLException(DbException.java:520)
	at org.h2.message.DbException.getJdbcSQLException(DbException.java:489)
	at org.h2.message.DbException.get(DbException.java:223)
	at org.h2.message.DbException.get(DbException.java:199)
	at org.h2.table.Column.validateConvertUpdateSequence(Column.java:365)
	at org.h2.table.Table.convertInsertRow(Table.java:936)
	at org.h2.command.dml.Insert.insertRows(Insert.java:167)
	at org.h2.command.dml.Insert.update(Insert.java:135)
	at org.h2.command.CommandContainer.executeUpdateWithGeneratedKeys(CommandContainer.java:242)
	at org.h2.command.CommandContainer.update(CommandContainer.java:163)
	at org.h2.command.Command.executeUpdate(Command.java:256)
	at org.h2.jdbc.JdbcPreparedStatement.execute(JdbcPreparedStatement.java:265)
	at jdk.internal.reflect.GeneratedMethodAccessor16.invoke(Unknown Source)
	at java.base/jdk.internal.reflect.DelegatingMethodAccessorImpl.invoke(DelegatingMethodAccessorImpl.java:43)
	at java.base/java.lang.reflect.Method.invoke(Method.java:568)
	at org.apache.ibatis.logging.jdbc.PreparedStatementLogger.invoke(PreparedStatementLogger.java:58)
	at jdk.proxy3/jdk.proxy3.$Proxy119.execute(Unknown Source)
	at org.apache.ibatis.executor.statement.PreparedStatementHandler.update(PreparedStatementHandler.java:48)
	at org.apache.ibatis.executor.statement.RoutingStatementHandler.update(RoutingStatementHandler.java:75)
	at org.apache.ibatis.executor.SimpleExecutor.doUpdate(SimpleExecutor.java:50)
	at org.apache.ibatis.executor.BaseExecutor.update(BaseExecutor.java:117)
	at org.apache.ibatis.executor.CachingExecutor.update(CachingExecutor.java:76)
	at org.apache.ibatis.session.defaults.DefaultSqlSession.update(DefaultSqlSession.java:197)
	at org.apache.ibatis.session.defaults.DefaultSqlSession.insert(DefaultSqlSession.java:184)
	at java.base/jdk.internal.reflect.NativeMethodAccessorImpl.invoke0(Native Method)
	at java.base/jdk.internal.reflect.NativeMethodAccessorImpl.invoke(NativeMethodAccessorImpl.java:77)
	at java.base/jdk.internal.reflect.DelegatingMethodAccessorImpl.invoke(DelegatingMethodAccessorImpl.java:43)
	at java.base/java.lang.reflect.Method.invoke(Method.java:568)
	at org.mybatis.spring.SqlSessionTemplate$SqlSessionInterceptor.invoke(SqlSessionTemplate.java:425)
	... 10 more

[INFO] Running com.enviro.brain.mapper.LedgerRecordMapperTest
2026-07-06T11:47:50.335+08:00  INFO 24452 --- [           main] t.c.s.AnnotationConfigContextLoaderUtils : Could not detect default configuration classes for test class [com.enviro.brain.mapper.LedgerRecordMapperTest]: LedgerRecordMapperTest does not declare any static, non-private, non-final, nested classes annotated with @Configuration.
2026-07-06T11:47:50.343+08:00  INFO 24452 --- [           main] .b.t.c.SpringBootTestContextBootstrapper : Found @SpringBootConfiguration com.enviro.brain.EnviroBrainApplication for test class com.enviro.brain.mapper.LedgerRecordMapperTest
Creating a new SqlSession
Registering transaction synchronization for SqlSession [org.apache.ibatis.session.defaults.DefaultSqlSession@2a667f44]
JDBC Connection [conn20: url=jdbc:h2:mem:07b658e7-a89b-4dac-bd01-11b076dedbf8 user=SA] will be managed by Spring
==>  Preparing: INSERT INTO ledger_records ( record_id, inspection_date, content, docx_path, sync_version ) VALUES ( ?, ?, ?, ?, ? )
==> Parameters: 1(Long), 2026-07-06(LocalDate), 测试查找功能(String), /docs/ledger-find.docx(String), null
Releasing transactional SqlSession [org.apache.ibatis.session.defaults.DefaultSqlSession@2a667f44]
Transaction synchronization deregistering SqlSession [org.apache.ibatis.session.defaults.DefaultSqlSession@2a667f44]
Transaction synchronization closing SqlSession [org.apache.ibatis.session.defaults.DefaultSqlSession@2a667f44]
Creating a new SqlSession
Registering transaction synchronization for SqlSession [org.apache.ibatis.session.defaults.DefaultSqlSession@782e6b40]
JDBC Connection [conn21: url=jdbc:h2:mem:07b658e7-a89b-4dac-bd01-11b076dedbf8 user=SA] will be managed by Spring
==>  Preparing: INSERT INTO ledger_records ( record_id, inspection_date, content, docx_path, sync_version ) VALUES ( ?, ?, ?, ?, ? )
==> Parameters: 1(Long), 2026-07-06(LocalDate), 测试台账内容(String), /docs/ledger-001.docx(String), null
Releasing transactional SqlSession [org.apache.ibatis.session.defaults.DefaultSqlSession@782e6b40]
Transaction synchronization deregistering SqlSession [org.apache.ibatis.session.defaults.DefaultSqlSession@782e6b40]
Transaction synchronization closing SqlSession [org.apache.ibatis.session.defaults.DefaultSqlSession@782e6b40]
Creating a new SqlSession
Registering transaction synchronization for SqlSession [org.apache.ibatis.session.defaults.DefaultSqlSession@14656be5]
JDBC Connection [conn22: url=jdbc:h2:mem:07b658e7-a89b-4dac-bd01-11b076dedbf8 user=SA] will be managed by Spring
==>  Preparing: SELECT * FROM ledger_records WHERE sync_version > ? ORDER BY sync_version ASC LIMIT ?
==> Parameters: 0(Long), 100(Integer)
<==      Total: 0
Releasing transactional SqlSession [org.apache.ibatis.session.defaults.DefaultSqlSession@14656be5]
Transaction synchronization deregistering SqlSession [org.apache.ibatis.session.defaults.DefaultSqlSession@14656be5]
Transaction synchronization closing SqlSession [org.apache.ibatis.session.defaults.DefaultSqlSession@14656be5]
Creating a new SqlSession
Registering transaction synchronization for SqlSession [org.apache.ibatis.session.defaults.DefaultSqlSession@6c421123]
JDBC Connection [conn23: url=jdbc:h2:mem:07b658e7-a89b-4dac-bd01-11b076dedbf8 user=SA] will be managed by Spring
==>  Preparing: INSERT INTO ledger_records ( record_id, inspection_date, content, docx_path, sync_version ) VALUES ( ?, ?, ?, ?, ? )
==> Parameters: 888(Long), 2026-07-06(LocalDate), 台账记录1(String), null, null
Releasing transactional SqlSession [org.apache.ibatis.session.defaults.DefaultSqlSession@6c421123]
Transaction synchronization deregistering SqlSession [org.apache.ibatis.session.defaults.DefaultSqlSession@6c421123]
Transaction synchronization closing SqlSession [org.apache.ibatis.session.defaults.DefaultSqlSession@6c421123]
Creating a new SqlSession
Registering transaction synchronization for SqlSession [org.apache.ibatis.session.defaults.DefaultSqlSession@66e1b2a]
JDBC Connection [conn24: url=jdbc:h2:mem:07b658e7-a89b-4dac-bd01-11b076dedbf8 user=SA] will be managed by Spring
==>  Preparing: INSERT INTO ledger_records ( record_id, inspection_date, content, docx_path, sync_version ) VALUES ( ?, ?, ?, ?, ? )
==> Parameters: 1(Long), 2026-07-06(LocalDate), findAll测试(String), null, null
Releasing transactional SqlSession [org.apache.ibatis.session.defaults.DefaultSqlSession@66e1b2a]
Transaction synchronization deregistering SqlSession [org.apache.ibatis.session.defaults.DefaultSqlSession@66e1b2a]
Transaction synchronization closing SqlSession [org.apache.ibatis.session.defaults.DefaultSqlSession@66e1b2a]
[ERROR] Tests run: 5, Failures: 0, Errors: 4, Skipped: 0, Time elapsed: 0.046 s <<< FAILURE! -- in com.enviro.brain.mapper.LedgerRecordMapperTest
[ERROR] com.enviro.brain.mapper.LedgerRecordMapperTest.findById_shouldReturnRecord -- Time elapsed: 0.005 s <<< ERROR!
org.springframework.dao.DataIntegrityViolationException: 

### Error updating database.  Cause: org.h2.jdbc.JdbcSQLIntegrityConstraintViolationException: NULL not allowed for column "SYNC_VERSION"; SQL statement:
INSERT INTO ledger_records (
            record_id, inspection_date, content, docx_path, sync_version
        ) VALUES (
            ?, ?, ?, ?, ?
        ) [23502-224]
### The error may exist in file [D:\gkproject\camera-inspection3.0\enviro-brain\target\classes\mapper\LedgerRecordMapper.xml]
### The error may involve com.enviro.brain.mapper.LedgerRecordMapper.insert-Inline
### The error occurred while setting parameters
### SQL: INSERT INTO ledger_records (             record_id, inspection_date, content, docx_path, sync_version         ) VALUES (             ?, ?, ?, ?, ?         )
### Cause: org.h2.jdbc.JdbcSQLIntegrityConstraintViolationException: NULL not allowed for column "SYNC_VERSION"; SQL statement:
INSERT INTO ledger_records (
            record_id, inspection_date, content, docx_path, sync_version
        ) VALUES (
            ?, ?, ?, ?, ?
        ) [23502-224]
; NULL not allowed for column "SYNC_VERSION"; SQL statement:
INSERT INTO ledger_records (
            record_id, inspection_date, content, docx_path, sync_version
        ) VALUES (
            ?, ?, ?, ?, ?
        ) [23502-224]
	at org.springframework.jdbc.support.SQLErrorCodeSQLExceptionTranslator.doTranslate(SQLErrorCodeSQLExceptionTranslator.java:258)
	at org.springframework.jdbc.support.AbstractFallbackSQLExceptionTranslator.translate(AbstractFallbackSQLExceptionTranslator.java:107)
	at org.mybatis.spring.MyBatisExceptionTranslator.translateExceptionIfPossible(MyBatisExceptionTranslator.java:92)
	at org.mybatis.spring.SqlSessionTemplate$SqlSessionInterceptor.invoke(SqlSessionTemplate.java:439)
	at jdk.proxy2/jdk.proxy2.$Proxy58.insert(Unknown Source)
	at org.mybatis.spring.SqlSessionTemplate.insert(SqlSessionTemplate.java:272)
	at org.apache.ibatis.binding.MapperMethod.execute(MapperMethod.java:62)
	at org.apache.ibatis.binding.MapperProxy$PlainMethodInvoker.invoke(MapperProxy.java:141)
	at org.apache.ibatis.binding.MapperProxy.invoke(MapperProxy.java:86)
	at jdk.proxy2/jdk.proxy2.$Proxy116.insert(Unknown Source)
	at com.enviro.brain.mapper.LedgerRecordMapperTest.findById_shouldReturnRecord(LedgerRecordMapperTest.java:42)
	at java.base/java.lang.reflect.Method.invoke(Method.java:568)
	at java.base/java.util.ArrayList.forEach(ArrayList.java:1511)
	at java.base/java.util.ArrayList.forEach(ArrayList.java:1511)
Caused by: org.h2.jdbc.JdbcSQLIntegrityConstraintViolationException: NULL not allowed for column "SYNC_VERSION"; SQL statement:
INSERT INTO ledger_records (
            record_id, inspection_date, content, docx_path, sync_version
        ) VALUES (
            ?, ?, ?, ?, ?
        ) [23502-224]
	at org.h2.message.DbException.getJdbcSQLException(DbException.java:520)
	at org.h2.message.DbException.getJdbcSQLException(DbException.java:489)
	at org.h2.message.DbException.get(DbException.java:223)
	at org.h2.message.DbException.get(DbException.java:199)
	at org.h2.table.Column.validateConvertUpdateSequence(Column.java:365)
	at org.h2.table.Table.convertInsertRow(Table.java:936)
	at org.h2.command.dml.Insert.insertRows(Insert.java:167)
	at org.h2.command.dml.Insert.update(Insert.java:135)
	at org.h2.command.CommandContainer.executeUpdateWithGeneratedKeys(CommandContainer.java:242)
	at org.h2.command.CommandContainer.update(CommandContainer.java:163)
	at org.h2.command.Command.executeUpdate(Command.java:256)
	at org.h2.jdbc.JdbcPreparedStatement.execute(JdbcPreparedStatement.java:265)
	at jdk.internal.reflect.GeneratedMethodAccessor16.invoke(Unknown Source)
	at java.base/jdk.internal.reflect.DelegatingMethodAccessorImpl.invoke(DelegatingMethodAccessorImpl.java:43)
	at java.base/java.lang.reflect.Method.invoke(Method.java:568)
	at org.apache.ibatis.logging.jdbc.PreparedStatementLogger.invoke(PreparedStatementLogger.java:58)
	at jdk.proxy3/jdk.proxy3.$Proxy119.execute(Unknown Source)
	at org.apache.ibatis.executor.statement.PreparedStatementHandler.update(PreparedStatementHandler.java:48)
	at org.apache.ibatis.executor.statement.RoutingStatementHandler.update(RoutingStatementHandler.java:75)
	at org.apache.ibatis.executor.SimpleExecutor.doUpdate(SimpleExecutor.java:50)
	at org.apache.ibatis.executor.BaseExecutor.update(BaseExecutor.java:117)
	at org.apache.ibatis.executor.CachingExecutor.update(CachingExecutor.java:76)
	at org.apache.ibatis.session.defaults.DefaultSqlSession.update(DefaultSqlSession.java:197)
	at org.apache.ibatis.session.defaults.DefaultSqlSession.insert(DefaultSqlSession.java:184)
	at jdk.internal.reflect.GeneratedMethodAccessor20.invoke(Unknown Source)
	at java.base/jdk.internal.reflect.DelegatingMethodAccessorImpl.invoke(DelegatingMethodAccessorImpl.java:43)
	at java.base/java.lang.reflect.Method.invoke(Method.java:568)
	at org.mybatis.spring.SqlSessionTemplate$SqlSessionInterceptor.invoke(SqlSessionTemplate.java:425)
	... 10 more

[ERROR] com.enviro.brain.mapper.LedgerRecordMapperTest.insert_shouldGenerateId -- Time elapsed: 0.005 s <<< ERROR!
org.springframework.dao.DataIntegrityViolationException: 

### Error updating database.  Cause: org.h2.jdbc.JdbcSQLIntegrityConstraintViolationException: NULL not allowed for column "SYNC_VERSION"; SQL statement:
INSERT INTO ledger_records (
            record_id, inspection_date, content, docx_path, sync_version
        ) VALUES (
            ?, ?, ?, ?, ?
        ) [23502-224]
### The error may exist in file [D:\gkproject\camera-inspection3.0\enviro-brain\target\classes\mapper\LedgerRecordMapper.xml]
### The error may involve com.enviro.brain.mapper.LedgerRecordMapper.insert-Inline
### The error occurred while setting parameters
### SQL: INSERT INTO ledger_records (             record_id, inspection_date, content, docx_path, sync_version         ) VALUES (             ?, ?, ?, ?, ?         )
### Cause: org.h2.jdbc.JdbcSQLIntegrityConstraintViolationException: NULL not allowed for column "SYNC_VERSION"; SQL statement:
INSERT INTO ledger_records (
            record_id, inspection_date, content, docx_path, sync_version
        ) VALUES (
            ?, ?, ?, ?, ?
        ) [23502-224]
; NULL not allowed for column "SYNC_VERSION"; SQL statement:
INSERT INTO ledger_records (
            record_id, inspection_date, content, docx_path, sync_version
        ) VALUES (
            ?, ?, ?, ?, ?
        ) [23502-224]
	at org.springframework.jdbc.support.SQLErrorCodeSQLExceptionTranslator.doTranslate(SQLErrorCodeSQLExceptionTranslator.java:258)
	at org.springframework.jdbc.support.AbstractFallbackSQLExceptionTranslator.translate(AbstractFallbackSQLExceptionTranslator.java:107)
	at org.mybatis.spring.MyBatisExceptionTranslator.translateExceptionIfPossible(MyBatisExceptionTranslator.java:92)
	at org.mybatis.spring.SqlSessionTemplate$SqlSessionInterceptor.invoke(SqlSessionTemplate.java:439)
	at jdk.proxy2/jdk.proxy2.$Proxy58.insert(Unknown Source)
	at org.mybatis.spring.SqlSessionTemplate.insert(SqlSessionTemplate.java:272)
	at org.apache.ibatis.binding.MapperMethod.execute(MapperMethod.java:62)
	at org.apache.ibatis.binding.MapperProxy$PlainMethodInvoker.invoke(MapperProxy.java:141)
	at org.apache.ibatis.binding.MapperProxy.invoke(MapperProxy.java:86)
	at jdk.proxy2/jdk.proxy2.$Proxy116.insert(Unknown Source)
	at com.enviro.brain.mapper.LedgerRecordMapperTest.insert_shouldGenerateId(LedgerRecordMapperTest.java:29)
	at java.base/java.lang.reflect.Method.invoke(Method.java:568)
	at java.base/java.util.ArrayList.forEach(ArrayList.java:1511)
	at java.base/java.util.ArrayList.forEach(ArrayList.java:1511)
Caused by: org.h2.jdbc.JdbcSQLIntegrityConstraintViolationException: NULL not allowed for column "SYNC_VERSION"; SQL statement:
INSERT INTO ledger_records (
            record_id, inspection_date, content, docx_path, sync_version
        ) VALUES (
            ?, ?, ?, ?, ?
        ) [23502-224]
	at org.h2.message.DbException.getJdbcSQLException(DbException.java:520)
	at org.h2.message.DbException.getJdbcSQLException(DbException.java:489)
	at org.h2.message.DbException.get(DbException.java:223)
	at org.h2.message.DbException.get(DbException.java:199)
	at org.h2.table.Column.validateConvertUpdateSequence(Column.java:365)
	at org.h2.table.Table.convertInsertRow(Table.java:936)
	at org.h2.command.dml.Insert.insertRows(Insert.java:167)
	at org.h2.command.dml.Insert.update(Insert.java:135)
	at org.h2.command.CommandContainer.executeUpdateWithGeneratedKeys(CommandContainer.java:242)
	at org.h2.command.CommandContainer.update(CommandContainer.java:163)
	at org.h2.command.Command.executeUpdate(Command.java:256)
	at org.h2.jdbc.JdbcPreparedStatement.execute(JdbcPreparedStatement.java:265)
	at jdk.internal.reflect.GeneratedMethodAccessor16.invoke(Unknown Source)
	at java.base/jdk.internal.reflect.DelegatingMethodAccessorImpl.invoke(DelegatingMethodAccessorImpl.java:43)
	at java.base/java.lang.reflect.Method.invoke(Method.java:568)
	at org.apache.ibatis.logging.jdbc.PreparedStatementLogger.invoke(PreparedStatementLogger.java:58)
	at jdk.proxy3/jdk.proxy3.$Proxy119.execute(Unknown Source)
	at org.apache.ibatis.executor.statement.PreparedStatementHandler.update(PreparedStatementHandler.java:48)
	at org.apache.ibatis.executor.statement.RoutingStatementHandler.update(RoutingStatementHandler.java:75)
	at org.apache.ibatis.executor.SimpleExecutor.doUpdate(SimpleExecutor.java:50)
	at org.apache.ibatis.executor.BaseExecutor.update(BaseExecutor.java:117)
	at org.apache.ibatis.executor.CachingExecutor.update(CachingExecutor.java:76)
	at org.apache.ibatis.session.defaults.DefaultSqlSession.update(DefaultSqlSession.java:197)
	at org.apache.ibatis.session.defaults.DefaultSqlSession.insert(DefaultSqlSession.java:184)
	at jdk.internal.reflect.GeneratedMethodAccessor20.invoke(Unknown Source)
	at java.base/jdk.internal.reflect.DelegatingMethodAccessorImpl.invoke(DelegatingMethodAccessorImpl.java:43)
	at java.base/java.lang.reflect.Method.invoke(Method.java:568)
	at org.mybatis.spring.SqlSessionTemplate$SqlSessionInterceptor.invoke(SqlSessionTemplate.java:425)
	... 10 more

[ERROR] com.enviro.brain.mapper.LedgerRecordMapperTest.findByRecordId_shouldReturnRecords -- Time elapsed: 0.004 s <<< ERROR!
org.springframework.dao.DataIntegrityViolationException: 

### Error updating database.  Cause: org.h2.jdbc.JdbcSQLIntegrityConstraintViolationException: NULL not allowed for column "SYNC_VERSION"; SQL statement:
INSERT INTO ledger_records (
            record_id, inspection_date, content, docx_path, sync_version
        ) VALUES (
            ?, ?, ?, ?, ?
        ) [23502-224]
### The error may exist in file [D:\gkproject\camera-inspection3.0\enviro-brain\target\classes\mapper\LedgerRecordMapper.xml]
### The error may involve com.enviro.brain.mapper.LedgerRecordMapper.insert-Inline
### The error occurred while setting parameters
### SQL: INSERT INTO ledger_records (             record_id, inspection_date, content, docx_path, sync_version         ) VALUES (             ?, ?, ?, ?, ?         )
### Cause: org.h2.jdbc.JdbcSQLIntegrityConstraintViolationException: NULL not allowed for column "SYNC_VERSION"; SQL statement:
INSERT INTO ledger_records (
            record_id, inspection_date, content, docx_path, sync_version
        ) VALUES (
            ?, ?, ?, ?, ?
        ) [23502-224]
; NULL not allowed for column "SYNC_VERSION"; SQL statement:
INSERT INTO ledger_records (
            record_id, inspection_date, content, docx_path, sync_version
        ) VALUES (
            ?, ?, ?, ?, ?
        ) [23502-224]
	at org.springframework.jdbc.support.SQLErrorCodeSQLExceptionTranslator.doTranslate(SQLErrorCodeSQLExceptionTranslator.java:258)
	at org.springframework.jdbc.support.AbstractFallbackSQLExceptionTranslator.translate(AbstractFallbackSQLExceptionTranslator.java:107)
	at org.mybatis.spring.MyBatisExceptionTranslator.translateExceptionIfPossible(MyBatisExceptionTranslator.java:92)
	at org.mybatis.spring.SqlSessionTemplate$SqlSessionInterceptor.invoke(SqlSessionTemplate.java:439)
	at jdk.proxy2/jdk.proxy2.$Proxy58.insert(Unknown Source)
	at org.mybatis.spring.SqlSessionTemplate.insert(SqlSessionTemplate.java:272)
	at org.apache.ibatis.binding.MapperMethod.execute(MapperMethod.java:62)
	at org.apache.ibatis.binding.MapperProxy$PlainMethodInvoker.invoke(MapperProxy.java:141)
	at org.apache.ibatis.binding.MapperProxy.invoke(MapperProxy.java:86)
	at jdk.proxy2/jdk.proxy2.$Proxy116.insert(Unknown Source)
	at com.enviro.brain.mapper.LedgerRecordMapperTest.findByRecordId_shouldReturnRecords(LedgerRecordMapperTest.java:56)
	at java.base/java.lang.reflect.Method.invoke(Method.java:568)
	at java.base/java.util.ArrayList.forEach(ArrayList.java:1511)
	at java.base/java.util.ArrayList.forEach(ArrayList.java:1511)
Caused by: org.h2.jdbc.JdbcSQLIntegrityConstraintViolationException: NULL not allowed for column "SYNC_VERSION"; SQL statement:
INSERT INTO ledger_records (
            record_id, inspection_date, content, docx_path, sync_version
        ) VALUES (
            ?, ?, ?, ?, ?
        ) [23502-224]
	at org.h2.message.DbException.getJdbcSQLException(DbException.java:520)
	at org.h2.message.DbException.getJdbcSQLException(DbException.java:489)
	at org.h2.message.DbException.get(DbException.java:223)
	at org.h2.message.DbException.get(DbException.java:199)
	at org.h2.table.Column.validateConvertUpdateSequence(Column.java:365)
	at org.h2.table.Table.convertInsertRow(Table.java:936)
	at org.h2.command.dml.Insert.insertRows(Insert.java:167)
	at org.h2.command.dml.Insert.update(Insert.java:135)
	at org.h2.command.CommandContainer.executeUpdateWithGeneratedKeys(CommandContainer.java:242)
	at org.h2.command.CommandContainer.update(CommandContainer.java:163)
	at org.h2.command.Command.executeUpdate(Command.java:256)
	at org.h2.jdbc.JdbcPreparedStatement.execute(JdbcPreparedStatement.java:265)
	at jdk.internal.reflect.GeneratedMethodAccessor16.invoke(Unknown Source)
	at java.base/jdk.internal.reflect.DelegatingMethodAccessorImpl.invoke(DelegatingMethodAccessorImpl.java:43)
	at java.base/java.lang.reflect.Method.invoke(Method.java:568)
	at org.apache.ibatis.logging.jdbc.PreparedStatementLogger.invoke(PreparedStatementLogger.java:58)
	at jdk.proxy3/jdk.proxy3.$Proxy119.execute(Unknown Source)
	at org.apache.ibatis.executor.statement.PreparedStatementHandler.update(PreparedStatementHandler.java:48)
	at org.apache.ibatis.executor.statement.RoutingStatementHandler.update(RoutingStatementHandler.java:75)
	at org.apache.ibatis.executor.SimpleExecutor.doUpdate(SimpleExecutor.java:50)
	at org.apache.ibatis.executor.BaseExecutor.update(BaseExecutor.java:117)
	at org.apache.ibatis.executor.CachingExecutor.update(CachingExecutor.java:76)
	at org.apache.ibatis.session.defaults.DefaultSqlSession.update(DefaultSqlSession.java:197)
	at org.apache.ibatis.session.defaults.DefaultSqlSession.insert(DefaultSqlSession.java:184)
	at jdk.internal.reflect.GeneratedMethodAccessor20.invoke(Unknown Source)
	at java.base/jdk.internal.reflect.DelegatingMethodAccessorImpl.invoke(DelegatingMethodAccessorImpl.java:43)
	at java.base/java.lang.reflect.Method.invoke(Method.java:568)
	at org.mybatis.spring.SqlSessionTemplate$SqlSessionInterceptor.invoke(SqlSessionTemplate.java:425)
	... 10 more

[ERROR] com.enviro.brain.mapper.LedgerRecordMapperTest.findAll_shouldReturnAllRecords -- Time elapsed: 0.006 s <<< ERROR!
org.springframework.dao.DataIntegrityViolationException: 

### Error updating database.  Cause: org.h2.jdbc.JdbcSQLIntegrityConstraintViolationException: NULL not allowed for column "SYNC_VERSION"; SQL statement:
INSERT INTO ledger_records (
            record_id, inspection_date, content, docx_path, sync_version
        ) VALUES (
            ?, ?, ?, ?, ?
        ) [23502-224]
### The error may exist in file [D:\gkproject\camera-inspection3.0\enviro-brain\target\classes\mapper\LedgerRecordMapper.xml]
### The error may involve com.enviro.brain.mapper.LedgerRecordMapper.insert-Inline
### The error occurred while setting parameters
### SQL: INSERT INTO ledger_records (             record_id, inspection_date, content, docx_path, sync_version         ) VALUES (             ?, ?, ?, ?, ?         )
### Cause: org.h2.jdbc.JdbcSQLIntegrityConstraintViolationException: NULL not allowed for column "SYNC_VERSION"; SQL statement:
INSERT INTO ledger_records (
            record_id, inspection_date, content, docx_path, sync_version
        ) VALUES (
            ?, ?, ?, ?, ?
        ) [23502-224]
; NULL not allowed for column "SYNC_VERSION"; SQL statement:
INSERT INTO ledger_records (
            record_id, inspection_date, content, docx_path, sync_version
        ) VALUES (
            ?, ?, ?, ?, ?
        ) [23502-224]
	at org.springframework.jdbc.support.SQLErrorCodeSQLExceptionTranslator.doTranslate(SQLErrorCodeSQLExceptionTranslator.java:258)
	at org.springframework.jdbc.support.AbstractFallbackSQLExceptionTranslator.translate(AbstractFallbackSQLExceptionTranslator.java:107)
	at org.mybatis.spring.MyBatisExceptionTranslator.translateExceptionIfPossible(MyBatisExceptionTranslator.java:92)
	at org.mybatis.spring.SqlSessionTemplate$SqlSessionInterceptor.invoke(SqlSessionTemplate.java:439)
	at jdk.proxy2/jdk.proxy2.$Proxy58.insert(Unknown Source)
	at org.mybatis.spring.SqlSessionTemplate.insert(SqlSessionTemplate.java:272)
	at org.apache.ibatis.binding.MapperMethod.execute(MapperMethod.java:62)
	at org.apache.ibatis.binding.MapperProxy$PlainMethodInvoker.invoke(MapperProxy.java:141)
	at org.apache.ibatis.binding.MapperProxy.invoke(MapperProxy.java:86)
	at jdk.proxy2/jdk.proxy2.$Proxy116.insert(Unknown Source)
	at com.enviro.brain.mapper.LedgerRecordMapperTest.findAll_shouldReturnAllRecords(LedgerRecordMapperTest.java:82)
	at java.base/java.lang.reflect.Method.invoke(Method.java:568)
	at java.base/java.util.ArrayList.forEach(ArrayList.java:1511)
	at java.base/java.util.ArrayList.forEach(ArrayList.java:1511)
Caused by: org.h2.jdbc.JdbcSQLIntegrityConstraintViolationException: NULL not allowed for column "SYNC_VERSION"; SQL statement:
INSERT INTO ledger_records (
            record_id, inspection_date, content, docx_path, sync_version
        ) VALUES (
            ?, ?, ?, ?, ?
        ) [23502-224]
	at org.h2.message.DbException.getJdbcSQLException(DbException.java:520)
	at org.h2.message.DbException.getJdbcSQLException(DbException.java:489)
	at org.h2.message.DbException.get(DbException.java:223)
	at org.h2.message.DbException.get(DbException.java:199)
	at org.h2.table.Column.validateConvertUpdateSequence(Column.java:365)
	at org.h2.table.Table.convertInsertRow(Table.java:936)
	at org.h2.command.dml.Insert.insertRows(Insert.java:167)
	at org.h2.command.dml.Insert.update(Insert.java:135)
	at org.h2.command.CommandContainer.executeUpdateWithGeneratedKeys(CommandContainer.java:242)
	at org.h2.command.CommandContainer.update(CommandContainer.java:163)
	at org.h2.command.Command.executeUpdate(Command.java:256)
	at org.h2.jdbc.JdbcPreparedStatement.execute(JdbcPreparedStatement.java:265)
	at jdk.internal.reflect.GeneratedMethodAccessor16.invoke(Unknown Source)
	at java.base/jdk.internal.reflect.DelegatingMethodAccessorImpl.invoke(DelegatingMethodAccessorImpl.java:43)
	at java.base/java.lang.reflect.Method.invoke(Method.java:568)
	at org.apache.ibatis.logging.jdbc.PreparedStatementLogger.invoke(PreparedStatementLogger.java:58)
	at jdk.proxy3/jdk.proxy3.$Proxy119.execute(Unknown Source)
	at org.apache.ibatis.executor.statement.PreparedStatementHandler.update(PreparedStatementHandler.java:48)
	at org.apache.ibatis.executor.statement.RoutingStatementHandler.update(RoutingStatementHandler.java:75)
	at org.apache.ibatis.executor.SimpleExecutor.doUpdate(SimpleExecutor.java:50)
	at org.apache.ibatis.executor.BaseExecutor.update(BaseExecutor.java:117)
	at org.apache.ibatis.executor.CachingExecutor.update(CachingExecutor.java:76)
	at org.apache.ibatis.session.defaults.DefaultSqlSession.update(DefaultSqlSession.java:197)
	at org.apache.ibatis.session.defaults.DefaultSqlSession.insert(DefaultSqlSession.java:184)
	at jdk.internal.reflect.GeneratedMethodAccessor20.invoke(Unknown Source)
	at java.base/jdk.internal.reflect.DelegatingMethodAccessorImpl.invoke(DelegatingMethodAccessorImpl.java:43)
	at java.base/java.lang.reflect.Method.invoke(Method.java:568)
	at org.mybatis.spring.SqlSessionTemplate$SqlSessionInterceptor.invoke(SqlSessionTemplate.java:425)
	... 10 more

[INFO] Running com.enviro.brain.mapper.SyncVersionMapperTest
2026-07-06T11:47:50.383+08:00  INFO 24452 --- [           main] t.c.s.AnnotationConfigContextLoaderUtils : Could not detect default configuration classes for test class [com.enviro.brain.mapper.SyncVersionMapperTest]: SyncVersionMapperTest does not declare any static, non-private, non-final, nested classes annotated with @Configuration.
2026-07-06T11:47:50.390+08:00  INFO 24452 --- [           main] .b.t.c.SpringBootTestContextBootstrapper : Found @SpringBootConfiguration com.enviro.brain.EnviroBrainApplication for test class com.enviro.brain.mapper.SyncVersionMapperTest
Creating a new SqlSession
Registering transaction synchronization for SqlSession [org.apache.ibatis.session.defaults.DefaultSqlSession@4269aad7]
JDBC Connection [conn25: url=jdbc:h2:mem:07b658e7-a89b-4dac-bd01-11b076dedbf8 user=SA] will be managed by Spring
==>  Preparing: UPDATE sync_version_seq SET next_val = next_val + 1 WHERE id = 1 RETURNING next_val;
Releasing transactional SqlSession [org.apache.ibatis.session.defaults.DefaultSqlSession@4269aad7]
Transaction synchronization deregistering SqlSession [org.apache.ibatis.session.defaults.DefaultSqlSession@4269aad7]
Transaction synchronization closing SqlSession [org.apache.ibatis.session.defaults.DefaultSqlSession@4269aad7]
Creating a new SqlSession
Registering transaction synchronization for SqlSession [org.apache.ibatis.session.defaults.DefaultSqlSession@34cf0e80]
JDBC Connection [conn26: url=jdbc:h2:mem:07b658e7-a89b-4dac-bd01-11b076dedbf8 user=SA] will be managed by Spring
==>  Preparing: UPDATE sync_version_seq SET next_val = next_val + 1 WHERE id = 1 RETURNING next_val;
Releasing transactional SqlSession [org.apache.ibatis.session.defaults.DefaultSqlSession@34cf0e80]
Transaction synchronization deregistering SqlSession [org.apache.ibatis.session.defaults.DefaultSqlSession@34cf0e80]
Transaction synchronization closing SqlSession [org.apache.ibatis.session.defaults.DefaultSqlSession@34cf0e80]
[ERROR] Tests run: 2, Failures: 0, Errors: 2, Skipped: 0, Time elapsed: 0.022 s <<< FAILURE! -- in com.enviro.brain.mapper.SyncVersionMapperTest
[ERROR] com.enviro.brain.mapper.SyncVersionMapperTest.nextVersion_shouldBeMonotonicallyIncreasing -- Time elapsed: 0.007 s <<< ERROR!
org.springframework.jdbc.BadSqlGrammarException: 

### Error querying database.  Cause: org.h2.jdbc.JdbcSQLSyntaxErrorException: Syntax error in SQL statement "UPDATE sync_version_seq\000a        SET next_val = next_val + 1\000a        WHERE id = 1\000a        [*]RETURNING next_val;"; SQL statement:
UPDATE sync_version_seq
        SET next_val = next_val + 1
        WHERE id = 1
        RETURNING next_val; [42000-224]
### The error may exist in file [D:\gkproject\camera-inspection3.0\enviro-brain\target\classes\mapper\SyncVersionMapper.xml]
### The error may involve com.enviro.brain.mapper.SyncVersionMapper.nextVersion
### The error occurred while executing a query
### SQL: UPDATE sync_version_seq         SET next_val = next_val + 1         WHERE id = 1         RETURNING next_val;
### Cause: org.h2.jdbc.JdbcSQLSyntaxErrorException: Syntax error in SQL statement "UPDATE sync_version_seq\000a        SET next_val = next_val + 1\000a        WHERE id = 1\000a        [*]RETURNING next_val;"; SQL statement:
UPDATE sync_version_seq
        SET next_val = next_val + 1
        WHERE id = 1
        RETURNING next_val; [42000-224]
; bad SQL grammar []
	at org.springframework.jdbc.support.SQLErrorCodeSQLExceptionTranslator.doTranslate(SQLErrorCodeSQLExceptionTranslator.java:246)
	at org.springframework.jdbc.support.AbstractFallbackSQLExceptionTranslator.translate(AbstractFallbackSQLExceptionTranslator.java:107)
	at org.mybatis.spring.MyBatisExceptionTranslator.translateExceptionIfPossible(MyBatisExceptionTranslator.java:92)
	at org.mybatis.spring.SqlSessionTemplate$SqlSessionInterceptor.invoke(SqlSessionTemplate.java:439)
	at jdk.proxy2/jdk.proxy2.$Proxy58.selectOne(Unknown Source)
	at org.mybatis.spring.SqlSessionTemplate.selectOne(SqlSessionTemplate.java:160)
	at org.apache.ibatis.binding.MapperMethod.execute(MapperMethod.java:87)
	at org.apache.ibatis.binding.MapperProxy$PlainMethodInvoker.invoke(MapperProxy.java:141)
	at org.apache.ibatis.binding.MapperProxy.invoke(MapperProxy.java:86)
	at jdk.proxy2/jdk.proxy2.$Proxy117.nextVersion(Unknown Source)
	at com.enviro.brain.mapper.SyncVersionMapperTest.nextVersion_shouldBeMonotonicallyIncreasing(SyncVersionMapperTest.java:37)
	at java.base/java.lang.reflect.Method.invoke(Method.java:568)
	at java.base/java.util.ArrayList.forEach(ArrayList.java:1511)
	at java.base/java.util.ArrayList.forEach(ArrayList.java:1511)
Caused by: org.h2.jdbc.JdbcSQLSyntaxErrorException: Syntax error in SQL statement "UPDATE sync_version_seq\000a        SET next_val = next_val + 1\000a        WHERE id = 1\000a        [*]RETURNING next_val;"; SQL statement:
UPDATE sync_version_seq
        SET next_val = next_val + 1
        WHERE id = 1
        RETURNING next_val; [42000-224]
	at org.h2.message.DbException.getJdbcSQLException(DbException.java:514)
	at org.h2.message.DbException.getJdbcSQLException(DbException.java:489)
	at org.h2.message.DbException.get(DbException.java:223)
	at org.h2.message.DbException.get(DbException.java:199)
	at org.h2.message.DbException.getSyntaxError(DbException.java:247)
	at org.h2.command.ParserBase.getSyntaxError(ParserBase.java:748)
	at org.h2.command.Parser.prepareCommand(Parser.java:486)
	at org.h2.engine.SessionLocal.prepareLocal(SessionLocal.java:639)
	at org.h2.engine.SessionLocal.prepareCommand(SessionLocal.java:559)
	at org.h2.jdbc.JdbcConnection.prepareCommand(JdbcConnection.java:1166)
	at org.h2.jdbc.JdbcPreparedStatement.<init>(JdbcPreparedStatement.java:93)
	at org.h2.jdbc.JdbcConnection.prepareStatement(JdbcConnection.java:316)
	at java.base/jdk.internal.reflect.NativeMethodAccessorImpl.invoke0(Native Method)
	at java.base/jdk.internal.reflect.NativeMethodAccessorImpl.invoke(NativeMethodAccessorImpl.java:77)
	at java.base/jdk.internal.reflect.DelegatingMethodAccessorImpl.invoke(DelegatingMethodAccessorImpl.java:43)
	at java.base/java.lang.reflect.Method.invoke(Method.java:568)
	at org.apache.ibatis.logging.jdbc.ConnectionLogger.invoke(ConnectionLogger.java:53)
	at jdk.proxy3/jdk.proxy3.$Proxy118.prepareStatement(Unknown Source)
	at org.apache.ibatis.executor.statement.PreparedStatementHandler.instantiateStatement(PreparedStatementHandler.java:88)
	at org.apache.ibatis.executor.statement.BaseStatementHandler.prepare(BaseStatementHandler.java:90)
	at org.apache.ibatis.executor.statement.RoutingStatementHandler.prepare(RoutingStatementHandler.java:60)
	at org.apache.ibatis.executor.SimpleExecutor.prepareStatement(SimpleExecutor.java:90)
	at org.apache.ibatis.executor.SimpleExecutor.doQuery(SimpleExecutor.java:64)
	at org.apache.ibatis.executor.BaseExecutor.queryFromDatabase(BaseExecutor.java:336)
	at org.apache.ibatis.executor.BaseExecutor.query(BaseExecutor.java:158)
	at org.apache.ibatis.executor.CachingExecutor.query(CachingExecutor.java:110)
	at org.apache.ibatis.executor.CachingExecutor.query(CachingExecutor.java:90)
	at org.apache.ibatis.session.defaults.DefaultSqlSession.selectList(DefaultSqlSession.java:154)
	at org.apache.ibatis.session.defaults.DefaultSqlSession.selectList(DefaultSqlSession.java:147)
	at org.apache.ibatis.session.defaults.DefaultSqlSession.selectList(DefaultSqlSession.java:142)
	at org.apache.ibatis.session.defaults.DefaultSqlSession.selectOne(DefaultSqlSession.java:75)
	at java.base/jdk.internal.reflect.NativeMethodAccessorImpl.invoke0(Native Method)
	at java.base/jdk.internal.reflect.NativeMethodAccessorImpl.invoke(NativeMethodAccessorImpl.java:77)
	at java.base/jdk.internal.reflect.DelegatingMethodAccessorImpl.invoke(DelegatingMethodAccessorImpl.java:43)
	at java.base/java.lang.reflect.Method.invoke(Method.java:568)
	at org.mybatis.spring.SqlSessionTemplate$SqlSessionInterceptor.invoke(SqlSessionTemplate.java:425)
	... 10 more

[ERROR] com.enviro.brain.mapper.SyncVersionMapperTest.nextVersion_shouldIncrementAtomically -- Time elapsed: 0.004 s <<< ERROR!
org.springframework.jdbc.BadSqlGrammarException: 

### Error querying database.  Cause: org.h2.jdbc.JdbcSQLSyntaxErrorException: Syntax error in SQL statement "UPDATE sync_version_seq\000a        SET next_val = next_val + 1\000a        WHERE id = 1\000a        [*]RETURNING next_val;"; SQL statement:
UPDATE sync_version_seq
        SET next_val = next_val + 1
        WHERE id = 1
        RETURNING next_val; [42000-224]
### The error may exist in file [D:\gkproject\camera-inspection3.0\enviro-brain\target\classes\mapper\SyncVersionMapper.xml]
### The error may involve com.enviro.brain.mapper.SyncVersionMapper.nextVersion
### The error occurred while executing a query
### SQL: UPDATE sync_version_seq         SET next_val = next_val + 1         WHERE id = 1         RETURNING next_val;
### Cause: org.h2.jdbc.JdbcSQLSyntaxErrorException: Syntax error in SQL statement "UPDATE sync_version_seq\000a        SET next_val = next_val + 1\000a        WHERE id = 1\000a        [*]RETURNING next_val;"; SQL statement:
UPDATE sync_version_seq
        SET next_val = next_val + 1
        WHERE id = 1
        RETURNING next_val; [42000-224]
; bad SQL grammar []
	at org.springframework.jdbc.support.SQLErrorCodeSQLExceptionTranslator.doTranslate(SQLErrorCodeSQLExceptionTranslator.java:246)
	at org.springframework.jdbc.support.AbstractFallbackSQLExceptionTranslator.translate(AbstractFallbackSQLExceptionTranslator.java:107)
	at org.mybatis.spring.MyBatisExceptionTranslator.translateExceptionIfPossible(MyBatisExceptionTranslator.java:92)
	at org.mybatis.spring.SqlSessionTemplate$SqlSessionInterceptor.invoke(SqlSessionTemplate.java:439)
	at jdk.proxy2/jdk.proxy2.$Proxy58.selectOne(Unknown Source)
	at org.mybatis.spring.SqlSessionTemplate.selectOne(SqlSessionTemplate.java:160)
	at org.apache.ibatis.binding.MapperMethod.execute(MapperMethod.java:87)
	at org.apache.ibatis.binding.MapperProxy$PlainMethodInvoker.invoke(MapperProxy.java:141)
	at org.apache.ibatis.binding.MapperProxy.invoke(MapperProxy.java:86)
	at jdk.proxy2/jdk.proxy2.$Proxy117.nextVersion(Unknown Source)
	at com.enviro.brain.mapper.SyncVersionMapperTest.nextVersion_shouldIncrementAtomically(SyncVersionMapperTest.java:20)
	at java.base/java.lang.reflect.Method.invoke(Method.java:568)
	at java.base/java.util.ArrayList.forEach(ArrayList.java:1511)
	at java.base/java.util.ArrayList.forEach(ArrayList.java:1511)
Caused by: org.h2.jdbc.JdbcSQLSyntaxErrorException: Syntax error in SQL statement "UPDATE sync_version_seq\000a        SET next_val = next_val + 1\000a        WHERE id = 1\000a        [*]RETURNING next_val;"; SQL statement:
UPDATE sync_version_seq
        SET next_val = next_val + 1
        WHERE id = 1
        RETURNING next_val; [42000-224]
	at org.h2.message.DbException.getJdbcSQLException(DbException.java:514)
	at org.h2.message.DbException.getJdbcSQLException(DbException.java:489)
	at org.h2.message.DbException.get(DbException.java:223)
	at org.h2.message.DbException.get(DbException.java:199)
	at org.h2.message.DbException.getSyntaxError(DbException.java:247)
	at org.h2.command.ParserBase.getSyntaxError(ParserBase.java:748)
	at org.h2.command.Parser.prepareCommand(Parser.java:486)
	at org.h2.engine.SessionLocal.prepareLocal(SessionLocal.java:639)
	at org.h2.engine.SessionLocal.prepareCommand(SessionLocal.java:559)
	at org.h2.jdbc.JdbcConnection.prepareCommand(JdbcConnection.java:1166)
	at org.h2.jdbc.JdbcPreparedStatement.<init>(JdbcPreparedStatement.java:93)
	at org.h2.jdbc.JdbcConnection.prepareStatement(JdbcConnection.java:316)
	at java.base/jdk.internal.reflect.NativeMethodAccessorImpl.invoke0(Native Method)
	at java.base/jdk.internal.reflect.NativeMethodAccessorImpl.invoke(NativeMethodAccessorImpl.java:77)
	at java.base/jdk.internal.reflect.DelegatingMethodAccessorImpl.invoke(DelegatingMethodAccessorImpl.java:43)
	at java.base/java.lang.reflect.Method.invoke(Method.java:568)
	at org.apache.ibatis.logging.jdbc.ConnectionLogger.invoke(ConnectionLogger.java:53)
	at jdk.proxy3/jdk.proxy3.$Proxy118.prepareStatement(Unknown Source)
	at org.apache.ibatis.executor.statement.PreparedStatementHandler.instantiateStatement(PreparedStatementHandler.java:88)
	at org.apache.ibatis.executor.statement.BaseStatementHandler.prepare(BaseStatementHandler.java:90)
	at org.apache.ibatis.executor.statement.RoutingStatementHandler.prepare(RoutingStatementHandler.java:60)
	at org.apache.ibatis.executor.SimpleExecutor.prepareStatement(SimpleExecutor.java:90)
	at org.apache.ibatis.executor.SimpleExecutor.doQuery(SimpleExecutor.java:64)
	at org.apache.ibatis.executor.BaseExecutor.queryFromDatabase(BaseExecutor.java:336)
	at org.apache.ibatis.executor.BaseExecutor.query(BaseExecutor.java:158)
	at org.apache.ibatis.executor.CachingExecutor.query(CachingExecutor.java:110)
	at org.apache.ibatis.executor.CachingExecutor.query(CachingExecutor.java:90)
	at org.apache.ibatis.session.defaults.DefaultSqlSession.selectList(DefaultSqlSession.java:154)
	at org.apache.ibatis.session.defaults.DefaultSqlSession.selectList(DefaultSqlSession.java:147)
	at org.apache.ibatis.session.defaults.DefaultSqlSession.selectList(DefaultSqlSession.java:142)
	at org.apache.ibatis.session.defaults.DefaultSqlSession.selectOne(DefaultSqlSession.java:75)
	at java.base/jdk.internal.reflect.NativeMethodAccessorImpl.invoke0(Native Method)
	at java.base/jdk.internal.reflect.NativeMethodAccessorImpl.invoke(NativeMethodAccessorImpl.java:77)
	at java.base/jdk.internal.reflect.DelegatingMethodAccessorImpl.invoke(DelegatingMethodAccessorImpl.java:43)
	at java.base/java.lang.reflect.Method.invoke(Method.java:568)
	at org.mybatis.spring.SqlSessionTemplate$SqlSessionInterceptor.invoke(SqlSessionTemplate.java:425)
	... 10 more

[INFO] 
[INFO] Results:
[INFO] 
[ERROR] Errors: 
[ERROR]   CameraConfigMapperTest.upsert_shouldInsertWhenNotExists:90 ? BadSqlGrammar 
### Error updating database.  Cause: org.h2.jdbc.JdbcSQLSyntaxErrorException: Syntax error in SQL statement "INSERT INTO camera_config (\000a            camera_code, camera_name, rtsp_url, location, enabled\000a        ) VALUES (\000a            ?, ?, ?, ?, ?\000a        )\000a        [*]ON DUPLICATE KEY UPDATE\000a            camera_name = VALUES(camera_name),\000a            rtsp_url = VALUES(rtsp_url),\000a            location = VALUES(location),\000a            enabled = VALUES(enabled),\000a            updated_at = CURRENT_TIMESTAMP"; SQL statement:
INSERT INTO camera_config (
            camera_code, camera_name, rtsp_url, location, enabled
        ) VALUES (
            ?, ?, ?, ?, ?
        )
        ON DUPLICATE KEY UPDATE
            camera_name = VALUES(camera_name),
            rtsp_url = VALUES(rtsp_url),
            location = VALUES(location),
            enabled = VALUES(enabled),
            updated_at = CURRENT_TIMESTAMP [42000-224]
### The error may exist in file [D:\gkproject\camera-inspection3.0\enviro-brain\target\classes\mapper\CameraConfigMapper.xml]
### The error may involve com.enviro.brain.mapper.CameraConfigMapper.upsert
### The error occurred while executing an update
### SQL: INSERT INTO camera_config (             camera_code, camera_name, rtsp_url, location, enabled         ) VALUES (             ?, ?, ?, ?, ?         )         ON DUPLICATE KEY UPDATE             camera_name = VALUES(camera_name),             rtsp_url = VALUES(rtsp_url),             location = VALUES(location),             enabled = VALUES(enabled),             updated_at = CURRENT_TIMESTAMP
### Cause: org.h2.jdbc.JdbcSQLSyntaxErrorException: Syntax error in SQL statement "INSERT INTO camera_config (\000a            camera_code, camera_name, rtsp_url, location, enabled\000a        ) VALUES (\000a            ?, ?, ?, ?, ?\000a        )\000a        [*]ON DUPLICATE KEY UPDATE\000a            camera_name = VALUES(camera_name),\000a            rtsp_url = VALUES(rtsp_url),\000a            location = VALUES(location),\000a            enabled = VALUES(enabled),\000a            updated_at = CURRENT_TIMESTAMP"; SQL statement:
INSERT INTO camera_config (
            camera_code, camera_name, rtsp_url, location, enabled
        ) VALUES (
            ?, ?, ?, ?, ?
        )
        ON DUPLICATE KEY UPDATE
            camera_name = VALUES(camera_name),
            rtsp_url = VALUES(rtsp_url),
            location = VALUES(location),
            enabled = VALUES(enabled),
            updated_at = CURRENT_TIMESTAMP [42000-224]
; bad SQL grammar []
[ERROR]   CameraConfigMapperTest.upsert_shouldUpdateWhenExists:118 ? BadSqlGrammar 
### Error updating database.  Cause: org.h2.jdbc.JdbcSQLSyntaxErrorException: Syntax error in SQL statement "INSERT INTO camera_config (\000a            camera_code, camera_name, rtsp_url, location, enabled\000a        ) VALUES (\000a            ?, ?, ?, ?, ?\000a        )\000a        [*]ON DUPLICATE KEY UPDATE\000a            camera_name = VALUES(camera_name),\000a            rtsp_url = VALUES(rtsp_url),\000a            location = VALUES(location),\000a            enabled = VALUES(enabled),\000a            updated_at = CURRENT_TIMESTAMP"; SQL statement:
INSERT INTO camera_config (
            camera_code, camera_name, rtsp_url, location, enabled
        ) VALUES (
            ?, ?, ?, ?, ?
        )
        ON DUPLICATE KEY UPDATE
            camera_name = VALUES(camera_name),
            rtsp_url = VALUES(rtsp_url),
            location = VALUES(location),
            enabled = VALUES(enabled),
            updated_at = CURRENT_TIMESTAMP [42000-224]
### The error may exist in file [D:\gkproject\camera-inspection3.0\enviro-brain\target\classes\mapper\CameraConfigMapper.xml]
### The error may involve com.enviro.brain.mapper.CameraConfigMapper.upsert
### The error occurred while executing an update
### SQL: INSERT INTO camera_config (             camera_code, camera_name, rtsp_url, location, enabled         ) VALUES (             ?, ?, ?, ?, ?         )         ON DUPLICATE KEY UPDATE             camera_name = VALUES(camera_name),             rtsp_url = VALUES(rtsp_url),             location = VALUES(location),             enabled = VALUES(enabled),             updated_at = CURRENT_TIMESTAMP
### Cause: org.h2.jdbc.JdbcSQLSyntaxErrorException: Syntax error in SQL statement "INSERT INTO camera_config (\000a            camera_code, camera_name, rtsp_url, location, enabled\000a        ) VALUES (\000a            ?, ?, ?, ?, ?\000a        )\000a        [*]ON DUPLICATE KEY UPDATE\000a            camera_name = VALUES(camera_name),\000a            rtsp_url = VALUES(rtsp_url),\000a            location = VALUES(location),\000a            enabled = VALUES(enabled),\000a            updated_at = CURRENT_TIMESTAMP"; SQL statement:
INSERT INTO camera_config (
            camera_code, camera_name, rtsp_url, location, enabled
        ) VALUES (
            ?, ?, ?, ?, ?
        )
        ON DUPLICATE KEY UPDATE
            camera_name = VALUES(camera_name),
            rtsp_url = VALUES(rtsp_url),
            location = VALUES(location),
            enabled = VALUES(enabled),
            updated_at = CURRENT_TIMESTAMP [42000-224]
; bad SQL grammar []
[ERROR]   CameraResultMapperTest.findAll_shouldReturnAllResults:93 ? DataIntegrityViolation 
### Error updating database.  Cause: org.h2.jdbc.JdbcSQLIntegrityConstraintViolationException: NULL not allowed for column "SYNC_VERSION"; SQL statement:
INSERT INTO camera_results (
            record_id, camera_code, camera_name, status, quality_score,
            screenshot_path, error_message, sync_version
        ) VALUES (
            ?, ?, ?, ?, ?,
            ?, ?, ?
        ) [23502-224]
### The error may exist in file [D:\gkproject\camera-inspection3.0\enviro-brain\target\classes\mapper\CameraResultMapper.xml]
### The error may involve com.enviro.brain.mapper.CameraResultMapper.insert-Inline
### The error occurred while setting parameters
### SQL: INSERT INTO camera_results (             record_id, camera_code, camera_name, status, quality_score,             screenshot_path, error_message, sync_version         ) VALUES (             ?, ?, ?, ?, ?,             ?, ?, ?         )
### Cause: org.h2.jdbc.JdbcSQLIntegrityConstraintViolationException: NULL not allowed for column "SYNC_VERSION"; SQL statement:
INSERT INTO camera_results (
            record_id, camera_code, camera_name, status, quality_score,
            screenshot_path, error_message, sync_version
        ) VALUES (
            ?, ?, ?, ?, ?,
            ?, ?, ?
        ) [23502-224]
; NULL not allowed for column "SYNC_VERSION"; SQL statement:
INSERT INTO camera_results (
            record_id, camera_code, camera_name, status, quality_score,
            screenshot_path, error_message, sync_version
        ) VALUES (
            ?, ?, ?, ?, ?,
            ?, ?, ?
        ) [23502-224]
[ERROR]   CameraResultMapperTest.findById_shouldReturnResult:48 ? DataIntegrityViolation 
### Error updating database.  Cause: org.h2.jdbc.JdbcSQLIntegrityConstraintViolationException: NULL not allowed for column "SYNC_VERSION"; SQL statement:
INSERT INTO camera_results (
            record_id, camera_code, camera_name, status, quality_score,
            screenshot_path, error_message, sync_version
        ) VALUES (
            ?, ?, ?, ?, ?,
            ?, ?, ?
        ) [23502-224]
### The error may exist in file [D:\gkproject\camera-inspection3.0\enviro-brain\target\classes\mapper\CameraResultMapper.xml]
### The error may involve com.enviro.brain.mapper.CameraResultMapper.insert-Inline
### The error occurred while setting parameters
### SQL: INSERT INTO camera_results (             record_id, camera_code, camera_name, status, quality_score,             screenshot_path, error_message, sync_version         ) VALUES (             ?, ?, ?, ?, ?,             ?, ?, ?         )
### Cause: org.h2.jdbc.JdbcSQLIntegrityConstraintViolationException: NULL not allowed for column "SYNC_VERSION"; SQL statement:
INSERT INTO camera_results (
            record_id, camera_code, camera_name, status, quality_score,
            screenshot_path, error_message, sync_version
        ) VALUES (
            ?, ?, ?, ?, ?,
            ?, ?, ?
        ) [23502-224]
; NULL not allowed for column "SYNC_VERSION"; SQL statement:
INSERT INTO camera_results (
            record_id, camera_code, camera_name, status, quality_score,
            screenshot_path, error_message, sync_version
        ) VALUES (
            ?, ?, ?, ?, ?,
            ?, ?, ?
        ) [23502-224]
[ERROR]   CameraResultMapperTest.findByRecordId_shouldReturnResults:64 ? DataIntegrityViolation 
### Error updating database.  Cause: org.h2.jdbc.JdbcSQLIntegrityConstraintViolationException: NULL not allowed for column "SYNC_VERSION"; SQL statement:
INSERT INTO camera_results (
            record_id, camera_code, camera_name, status, quality_score,
            screenshot_path, error_message, sync_version
        ) VALUES (
            ?, ?, ?, ?, ?,
            ?, ?, ?
        ) [23502-224]
### The error may exist in file [D:\gkproject\camera-inspection3.0\enviro-brain\target\classes\mapper\CameraResultMapper.xml]
### The error may involve com.enviro.brain.mapper.CameraResultMapper.insert-Inline
### The error occurred while setting parameters
### SQL: INSERT INTO camera_results (             record_id, camera_code, camera_name, status, quality_score,             screenshot_path, error_message, sync_version         ) VALUES (             ?, ?, ?, ?, ?,             ?, ?, ?         )
### Cause: org.h2.jdbc.JdbcSQLIntegrityConstraintViolationException: NULL not allowed for column "SYNC_VERSION"; SQL statement:
INSERT INTO camera_results (
            record_id, camera_code, camera_name, status, quality_score,
            screenshot_path, error_message, sync_version
        ) VALUES (
            ?, ?, ?, ?, ?,
            ?, ?, ?
        ) [23502-224]
; NULL not allowed for column "SYNC_VERSION"; SQL statement:
INSERT INTO camera_results (
            record_id, camera_code, camera_name, status, quality_score,
            screenshot_path, error_message, sync_version
        ) VALUES (
            ?, ?, ?, ?, ?,
            ?, ?, ?
        ) [23502-224]
[ERROR]   CameraResultMapperTest.insert_shouldGenerateId:33 ? DataIntegrityViolation 
### Error updating database.  Cause: org.h2.jdbc.JdbcSQLIntegrityConstraintViolationException: NULL not allowed for column "SYNC_VERSION"; SQL statement:
INSERT INTO camera_results (
            record_id, camera_code, camera_name, status, quality_score,
            screenshot_path, error_message, sync_version
        ) VALUES (
            ?, ?, ?, ?, ?,
            ?, ?, ?
        ) [23502-224]
### The error may exist in file [D:\gkproject\camera-inspection3.0\enviro-brain\target\classes\mapper\CameraResultMapper.xml]
### The error may involve com.enviro.brain.mapper.CameraResultMapper.insert-Inline
### The error occurred while setting parameters
### SQL: INSERT INTO camera_results (             record_id, camera_code, camera_name, status, quality_score,             screenshot_path, error_message, sync_version         ) VALUES (             ?, ?, ?, ?, ?,             ?, ?, ?         )
### Cause: org.h2.jdbc.JdbcSQLIntegrityConstraintViolationException: NULL not allowed for column "SYNC_VERSION"; SQL statement:
INSERT INTO camera_results (
            record_id, camera_code, camera_name, status, quality_score,
            screenshot_path, error_message, sync_version
        ) VALUES (
            ?, ?, ?, ?, ?,
            ?, ?, ?
        ) [23502-224]
; NULL not allowed for column "SYNC_VERSION"; SQL statement:
INSERT INTO camera_results (
            record_id, camera_code, camera_name, status, quality_score,
            screenshot_path, error_message, sync_version
        ) VALUES (
            ?, ?, ?, ?, ?,
            ?, ?, ?
        ) [23502-224]
[ERROR]   InspectionRecordMapperTest.findAll_shouldReturnAllRecords:108 ? DataIntegrityViolation 
### Error updating database.  Cause: org.h2.jdbc.JdbcSQLIntegrityConstraintViolationException: NULL not allowed for column "SYNC_VERSION"; SQL statement:
INSERT INTO inspection_records (
            batch_id, inspection_date, total_cameras, online_count,
            offline_count, abnormal_count, status, sync_version
        ) VALUES (
            ?, ?, ?, ?,
            ?, ?, ?, ?
        ) [23502-224]
### The error may exist in file [D:\gkproject\camera-inspection3.0\enviro-brain\target\classes\mapper\InspectionRecordMapper.xml]
### The error may involve com.enviro.brain.mapper.InspectionRecordMapper.insert-Inline
### The error occurred while setting parameters
### SQL: INSERT INTO inspection_records (             batch_id, inspection_date, total_cameras, online_count,             offline_count, abnormal_count, status, sync_version         ) VALUES (             ?, ?, ?, ?,             ?, ?, ?, ?         )
### Cause: org.h2.jdbc.JdbcSQLIntegrityConstraintViolationException: NULL not allowed for column "SYNC_VERSION"; SQL statement:
INSERT INTO inspection_records (
            batch_id, inspection_date, total_cameras, online_count,
            offline_count, abnormal_count, status, sync_version
        ) VALUES (
            ?, ?, ?, ?,
            ?, ?, ?, ?
        ) [23502-224]
; NULL not allowed for column "SYNC_VERSION"; SQL statement:
INSERT INTO inspection_records (
            batch_id, inspection_date, total_cameras, online_count,
            offline_count, abnormal_count, status, sync_version
        ) VALUES (
            ?, ?, ?, ?,
            ?, ?, ?, ?
        ) [23502-224]
[ERROR]   InspectionRecordMapperTest.findByBatchId_shouldReturnRecords:67 ? DataIntegrityViolation 
### Error updating database.  Cause: org.h2.jdbc.JdbcSQLIntegrityConstraintViolationException: NULL not allowed for column "SYNC_VERSION"; SQL statement:
INSERT INTO inspection_records (
            batch_id, inspection_date, total_cameras, online_count,
            offline_count, abnormal_count, status, sync_version
        ) VALUES (
            ?, ?, ?, ?,
            ?, ?, ?, ?
        ) [23502-224]
### The error may exist in file [D:\gkproject\camera-inspection3.0\enviro-brain\target\classes\mapper\InspectionRecordMapper.xml]
### The error may involve com.enviro.brain.mapper.InspectionRecordMapper.insert-Inline
### The error occurred while setting parameters
### SQL: INSERT INTO inspection_records (             batch_id, inspection_date, total_cameras, online_count,             offline_count, abnormal_count, status, sync_version         ) VALUES (             ?, ?, ?, ?,             ?, ?, ?, ?         )
### Cause: org.h2.jdbc.JdbcSQLIntegrityConstraintViolationException: NULL not allowed for column "SYNC_VERSION"; SQL statement:
INSERT INTO inspection_records (
            batch_id, inspection_date, total_cameras, online_count,
            offline_count, abnormal_count, status, sync_version
        ) VALUES (
            ?, ?, ?, ?,
            ?, ?, ?, ?
        ) [23502-224]
; NULL not allowed for column "SYNC_VERSION"; SQL statement:
INSERT INTO inspection_records (
            batch_id, inspection_date, total_cameras, online_count,
            offline_count, abnormal_count, status, sync_version
        ) VALUES (
            ?, ?, ?, ?,
            ?, ?, ?, ?
        ) [23502-224]
[ERROR]   InspectionRecordMapperTest.findById_shouldReturnRecord:48 ? DataIntegrityViolation 
### Error updating database.  Cause: org.h2.jdbc.JdbcSQLIntegrityConstraintViolationException: NULL not allowed for column "SYNC_VERSION"; SQL statement:
INSERT INTO inspection_records (
            batch_id, inspection_date, total_cameras, online_count,
            offline_count, abnormal_count, status, sync_version
        ) VALUES (
            ?, ?, ?, ?,
            ?, ?, ?, ?
        ) [23502-224]
### The error may exist in file [D:\gkproject\camera-inspection3.0\enviro-brain\target\classes\mapper\InspectionRecordMapper.xml]
### The error may involve com.enviro.brain.mapper.InspectionRecordMapper.insert-Inline
### The error occurred while setting parameters
### SQL: INSERT INTO inspection_records (             batch_id, inspection_date, total_cameras, online_count,             offline_count, abnormal_count, status, sync_version         ) VALUES (             ?, ?, ?, ?,             ?, ?, ?, ?         )
### Cause: org.h2.jdbc.JdbcSQLIntegrityConstraintViolationException: NULL not allowed for column "SYNC_VERSION"; SQL statement:
INSERT INTO inspection_records (
            batch_id, inspection_date, total_cameras, online_count,
            offline_count, abnormal_count, status, sync_version
        ) VALUES (
            ?, ?, ?, ?,
            ?, ?, ?, ?
        ) [23502-224]
; NULL not allowed for column "SYNC_VERSION"; SQL statement:
INSERT INTO inspection_records (
            batch_id, inspection_date, total_cameras, online_count,
            offline_count, abnormal_count, status, sync_version
        ) VALUES (
            ?, ?, ?, ?,
            ?, ?, ?, ?
        ) [23502-224]
[ERROR]   InspectionRecordMapperTest.insert_shouldGenerateId:32 ? DataIntegrityViolation 
### Error updating database.  Cause: org.h2.jdbc.JdbcSQLIntegrityConstraintViolationException: NULL not allowed for column "SYNC_VERSION"; SQL statement:
INSERT INTO inspection_records (
            batch_id, inspection_date, total_cameras, online_count,
            offline_count, abnormal_count, status, sync_version
        ) VALUES (
            ?, ?, ?, ?,
            ?, ?, ?, ?
        ) [23502-224]
### The error may exist in file [D:\gkproject\camera-inspection3.0\enviro-brain\target\classes\mapper\InspectionRecordMapper.xml]
### The error may involve com.enviro.brain.mapper.InspectionRecordMapper.insert-Inline
### The error occurred while setting parameters
### SQL: INSERT INTO inspection_records (             batch_id, inspection_date, total_cameras, online_count,             offline_count, abnormal_count, status, sync_version         ) VALUES (             ?, ?, ?, ?,             ?, ?, ?, ?         )
### Cause: org.h2.jdbc.JdbcSQLIntegrityConstraintViolationException: NULL not allowed for column "SYNC_VERSION"; SQL statement:
INSERT INTO inspection_records (
            batch_id, inspection_date, total_cameras, online_count,
            offline_count, abnormal_count, status, sync_version
        ) VALUES (
            ?, ?, ?, ?,
            ?, ?, ?, ?
        ) [23502-224]
; NULL not allowed for column "SYNC_VERSION"; SQL statement:
INSERT INTO inspection_records (
            batch_id, inspection_date, total_cameras, online_count,
            offline_count, abnormal_count, status, sync_version
        ) VALUES (
            ?, ?, ?, ?,
            ?, ?, ?, ?
        ) [23502-224]
[ERROR]   LedgerRecordMapperTest.findAll_shouldReturnAllRecords:82 ? DataIntegrityViolation 
### Error updating database.  Cause: org.h2.jdbc.JdbcSQLIntegrityConstraintViolationException: NULL not allowed for column "SYNC_VERSION"; SQL statement:
INSERT INTO ledger_records (
            record_id, inspection_date, content, docx_path, sync_version
        ) VALUES (
            ?, ?, ?, ?, ?
        ) [23502-224]
### The error may exist in file [D:\gkproject\camera-inspection3.0\enviro-brain\target\classes\mapper\LedgerRecordMapper.xml]
### The error may involve com.enviro.brain.mapper.LedgerRecordMapper.insert-Inline
### The error occurred while setting parameters
### SQL: INSERT INTO ledger_records (             record_id, inspection_date, content, docx_path, sync_version         ) VALUES (             ?, ?, ?, ?, ?         )
### Cause: org.h2.jdbc.JdbcSQLIntegrityConstraintViolationException: NULL not allowed for column "SYNC_VERSION"; SQL statement:
INSERT INTO ledger_records (
            record_id, inspection_date, content, docx_path, sync_version
        ) VALUES (
            ?, ?, ?, ?, ?
        ) [23502-224]
; NULL not allowed for column "SYNC_VERSION"; SQL statement:
INSERT INTO ledger_records (
            record_id, inspection_date, content, docx_path, sync_version
        ) VALUES (
            ?, ?, ?, ?, ?
        ) [23502-224]
[ERROR]   LedgerRecordMapperTest.findById_shouldReturnRecord:42 ? DataIntegrityViolation 
### Error updating database.  Cause: org.h2.jdbc.JdbcSQLIntegrityConstraintViolationException: NULL not allowed for column "SYNC_VERSION"; SQL statement:
INSERT INTO ledger_records (
            record_id, inspection_date, content, docx_path, sync_version
        ) VALUES (
            ?, ?, ?, ?, ?
        ) [23502-224]
### The error may exist in file [D:\gkproject\camera-inspection3.0\enviro-brain\target\classes\mapper\LedgerRecordMapper.xml]
### The error may involve com.enviro.brain.mapper.LedgerRecordMapper.insert-Inline
### The error occurred while setting parameters
### SQL: INSERT INTO ledger_records (             record_id, inspection_date, content, docx_path, sync_version         ) VALUES (             ?, ?, ?, ?, ?         )
### Cause: org.h2.jdbc.JdbcSQLIntegrityConstraintViolationException: NULL not allowed for column "SYNC_VERSION"; SQL statement:
INSERT INTO ledger_records (
            record_id, inspection_date, content, docx_path, sync_version
        ) VALUES (
            ?, ?, ?, ?, ?
        ) [23502-224]
; NULL not allowed for column "SYNC_VERSION"; SQL statement:
INSERT INTO ledger_records (
            record_id, inspection_date, content, docx_path, sync_version
        ) VALUES (
            ?, ?, ?, ?, ?
        ) [23502-224]
[ERROR]   LedgerRecordMapperTest.findByRecordId_shouldReturnRecords:56 ? DataIntegrityViolation 
### Error updating database.  Cause: org.h2.jdbc.JdbcSQLIntegrityConstraintViolationException: NULL not allowed for column "SYNC_VERSION"; SQL statement:
INSERT INTO ledger_records (
            record_id, inspection_date, content, docx_path, sync_version
        ) VALUES (
            ?, ?, ?, ?, ?
        ) [23502-224]
### The error may exist in file [D:\gkproject\camera-inspection3.0\enviro-brain\target\classes\mapper\LedgerRecordMapper.xml]
### The error may involve com.enviro.brain.mapper.LedgerRecordMapper.insert-Inline
### The error occurred while setting parameters
### SQL: INSERT INTO ledger_records (             record_id, inspection_date, content, docx_path, sync_version         ) VALUES (             ?, ?, ?, ?, ?         )
### Cause: org.h2.jdbc.JdbcSQLIntegrityConstraintViolationException: NULL not allowed for column "SYNC_VERSION"; SQL statement:
INSERT INTO ledger_records (
            record_id, inspection_date, content, docx_path, sync_version
        ) VALUES (
            ?, ?, ?, ?, ?
        ) [23502-224]
; NULL not allowed for column "SYNC_VERSION"; SQL statement:
INSERT INTO ledger_records (
            record_id, inspection_date, content, docx_path, sync_version
        ) VALUES (
            ?, ?, ?, ?, ?
        ) [23502-224]
[ERROR]   LedgerRecordMapperTest.insert_shouldGenerateId:29 ? DataIntegrityViolation 
### Error updating database.  Cause: org.h2.jdbc.JdbcSQLIntegrityConstraintViolationException: NULL not allowed for column "SYNC_VERSION"; SQL statement:
INSERT INTO ledger_records (
            record_id, inspection_date, content, docx_path, sync_version
        ) VALUES (
            ?, ?, ?, ?, ?
        ) [23502-224]
### The error may exist in file [D:\gkproject\camera-inspection3.0\enviro-brain\target\classes\mapper\LedgerRecordMapper.xml]
### The error may involve com.enviro.brain.mapper.LedgerRecordMapper.insert-Inline
### The error occurred while setting parameters
### SQL: INSERT INTO ledger_records (             record_id, inspection_date, content, docx_path, sync_version         ) VALUES (             ?, ?, ?, ?, ?         )
### Cause: org.h2.jdbc.JdbcSQLIntegrityConstraintViolationException: NULL not allowed for column "SYNC_VERSION"; SQL statement:
INSERT INTO ledger_records (
            record_id, inspection_date, content, docx_path, sync_version
        ) VALUES (
            ?, ?, ?, ?, ?
        ) [23502-224]
; NULL not allowed for column "SYNC_VERSION"; SQL statement:
INSERT INTO ledger_records (
            record_id, inspection_date, content, docx_path, sync_version
        ) VALUES (
            ?, ?, ?, ?, ?
        ) [23502-224]
[ERROR]   SyncVersionMapperTest.nextVersion_shouldBeMonotonicallyIncreasing:37 ? BadSqlGrammar 
### Error querying database.  Cause: org.h2.jdbc.JdbcSQLSyntaxErrorException: Syntax error in SQL statement "UPDATE sync_version_seq\000a        SET next_val = next_val + 1\000a        WHERE id = 1\000a        [*]RETURNING next_val;"; SQL statement:
UPDATE sync_version_seq
        SET next_val = next_val + 1
        WHERE id = 1
        RETURNING next_val; [42000-224]
### The error may exist in file [D:\gkproject\camera-inspection3.0\enviro-brain\target\classes\mapper\SyncVersionMapper.xml]
### The error may involve com.enviro.brain.mapper.SyncVersionMapper.nextVersion
### The error occurred while executing a query
### SQL: UPDATE sync_version_seq         SET next_val = next_val + 1         WHERE id = 1         RETURNING next_val;
### Cause: org.h2.jdbc.JdbcSQLSyntaxErrorException: Syntax error in SQL statement "UPDATE sync_version_seq\000a        SET next_val = next_val + 1\000a        WHERE id = 1\000a        [*]RETURNING next_val;"; SQL statement:
UPDATE sync_version_seq
        SET next_val = next_val + 1
        WHERE id = 1
        RETURNING next_val; [42000-224]
; bad SQL grammar []
[ERROR]   SyncVersionMapperTest.nextVersion_shouldIncrementAtomically:20 ? BadSqlGrammar 
### Error querying database.  Cause: org.h2.jdbc.JdbcSQLSyntaxErrorException: Syntax error in SQL statement "UPDATE sync_version_seq\000a        SET next_val = next_val + 1\000a        WHERE id = 1\000a        [*]RETURNING next_val;"; SQL statement:
UPDATE sync_version_seq
        SET next_val = next_val + 1
        WHERE id = 1
        RETURNING next_val; [42000-224]
### The error may exist in file [D:\gkproject\camera-inspection3.0\enviro-brain\target\classes\mapper\SyncVersionMapper.xml]
### The error may involve com.enviro.brain.mapper.SyncVersionMapper.nextVersion
### The error occurred while executing a query
### SQL: UPDATE sync_version_seq         SET next_val = next_val + 1         WHERE id = 1         RETURNING next_val;
### Cause: org.h2.jdbc.JdbcSQLSyntaxErrorException: Syntax error in SQL statement "UPDATE sync_version_seq\000a        SET next_val = next_val + 1\000a        WHERE id = 1\000a        [*]RETURNING next_val;"; SQL statement:
UPDATE sync_version_seq
        SET next_val = next_val + 1
        WHERE id = 1
        RETURNING next_val; [42000-224]
; bad SQL grammar []
[INFO] 
[ERROR] Tests run: 35, Failures: 0, Errors: 16, Skipped: 0
[INFO] 
[INFO] ------------------------------------------------------------------------
[INFO] BUILD FAILURE
[INFO] ------------------------------------------------------------------------
[INFO] Total time:  12.864 s
[INFO] Finished at: 2026-07-06T11:47:50+08:00
[INFO] ------------------------------------------------------------------------
[ERROR] Failed to execute goal org.apache.maven.plugins:maven-surefire-plugin:3.2.5:test (default-test) on project enviro-brain: 
[ERROR] 
[ERROR] Please refer to D:\gkproject\camera-inspection3.0\enviro-brain\target\surefire-reports for the individual test results.
[ERROR] Please refer to dump files (if any exist) [date].dump, [date]-jvmRun[N].dump and [date].dumpstream.
[ERROR] -> [Help 1]
[ERROR] 
[ERROR] To see the full stack trace of the errors, re-run Maven with the -e switch.
[ERROR] Re-run Maven using the -X switch to enable full debug logging.
[ERROR] 
[ERROR] For more information about the errors and possible solutions, please read the following articles:
[ERROR] [Help 1] http://cwiki.apache.org/confluence/display/MAVEN/MojoFailureException
